#
# There is insufficient memory for the Java Runtime Environment to continue.
# Native memory allocation (malloc) failed to allocate 1009776 bytes. Error detail: Chunk::new
# Possible reasons:
#   The system is out of physical RAM or swap space
#   This process is running with CompressedOops enabled, and the Java Heap may be blocking the growth of the native heap
# Possible solutions:
#   Reduce memory load on the system
#   Increase physical memory or swap space
#   Check if swap backing store is full
#   Decrease Java heap size (-Xmx/-Xms)
#   Decrease number of Java threads
#   Decrease Java thread stack sizes (-Xss)
#   Set larger code cache with -XX:ReservedCodeCacheSize=
#   JVM is running with Unscaled Compressed Oops mode in which the Java heap is
#     placed in the first 4GB address space. The Java Heap base address is the
#     maximum limit for the native heap growth. Please use -XX:HeapBaseMinAddress
#     to set the Java Heap base and to place the Java Heap above 4GB virtual address.
# This output file may be truncated or incomplete.
#
#  Out of Memory Error (arena.cpp:168), pid=36248, tid=37376
#
# JRE version: OpenJDK Runtime Environment Temurin-21.0.10+7 (21.0.10+7) (build 21.0.10+7-LTS)
# Java VM: OpenJDK 64-Bit Server VM Temurin-21.0.10+7 (21.0.10+7-LTS, mixed mode, sharing, tiered, compressed oops, compressed class ptrs, parallel gc, windows-amd64)
# No core dump will be written. Minidumps are not enabled by default on client versions of Windows
#

---------------  S U M M A R Y ------------

Command Line: --add-modules=ALL-SYSTEM --add-opens=java.base/java.util=ALL-UNNAMED --add-opens=java.base/java.lang=ALL-UNNAMED --add-opens=java.base/sun.nio.fs=ALL-UNNAMED -Declipse.application=org.eclipse.jdt.ls.core.id1 -Dosgi.bundles.defaultStartLevel=4 -Declipse.product=org.eclipse.jdt.ls.core.product -Djava.import.generatesMetadataFilesAtProjectRoot=false -DDetectVMInstallationsJob.disabled=true -Dfile.encoding=utf8 -XX:+UseParallelGC -XX:GCTimeRatio=4 -XX:AdaptiveSizePolicyWeight=90 -Dsun.zip.disableMemoryMapping=true -Xmx2G -Xms100m -Xlog:disable -javaagent:c:\Users\Kaustav Ghosh\.cursor\extensions\redhat.java-1.54.0-win32-x64\lombok\lombok-1.18.39-4050.jar c:\Users\Kaustav Ghosh\.cursor\extensions\redhat.java-1.54.0-win32-x64\server\plugins\org.eclipse.equinox.launcher_1.7.100.v20251111-0406.jar -configuration c:\Users\Kaustav Ghosh\AppData\Roaming\Cursor\User\globalStorage\redhat.java\1.54.0\config_ss_win -data c:\Users\Kaustav Ghosh\AppData\Roaming\Cursor\User\workspaceStorage\427544a250e4a6c8be578456d3b093ee\redhat.java\ss_ws --pipe=\\.\pipe\lsp-d9ebb233dc9b5fb1fe7fee187908070f-sock

Host: 13th Gen Intel(R) Core(TM) i7-13700HX, 24 cores, 15G,  Windows 11 , 64 bit Build 26100 (10.0.26100.8328)
Time: Mon May  4 05:34:05 2026 India Standard Time elapsed time: 36.848320 seconds (0d 0h 0m 36s)

---------------  T H R E A D  ---------------

Current thread (0x0000026494f05170):  JavaThread "C2 CompilerThread0" daemon [_thread_in_native, id=37376, stack(0x000000877e800000,0x000000877e900000) (1024K)]


Current CompileTask:
C2:36848 2779       4       java.lang.invoke.MethodType::makeImpl (109 bytes)

Stack: [0x000000877e800000,0x000000877e900000]
Native frames: (J=compiled Java code, j=interpreted, Vv=VM code, C=native code)
V  [jvm.dll+0x6d7a39]
V  [jvm.dll+0x8b4b26]
V  [jvm.dll+0x8b70de]
V  [jvm.dll+0x8b77c3]
V  [jvm.dll+0x284346]
V  [jvm.dll+0xc66ed]
V  [jvm.dll+0xc6c31]
V  [jvm.dll+0x3bec01]
V  [jvm.dll+0x1e3d62]
V  [jvm.dll+0x24c6b3]
V  [jvm.dll+0x24bb40]
V  [jvm.dll+0x1cb34e]
V  [jvm.dll+0x25b85d]
V  [jvm.dll+0x259dea]
V  [jvm.dll+0x3f857e]
V  [jvm.dll+0x85f59d]
V  [jvm.dll+0x6d626d]
C  [ucrtbase.dll+0x37b0]
C  [KERNEL32.DLL+0x2e957]
C  [ntdll.dll+0x427c]


---------------  P R O C E S S  ---------------

Threads class SMR info:
_java_thread_list=0x0000026495122530, length=21, elements={
0x000002643c0bd070, 0x000002643c16b200, 0x000002643c16e3f0, 0x000002643c170c60,
0x000002643c1716c0, 0x000002643c175720, 0x000002643c179650, 0x0000026494f05170,
0x0000026494f298f0, 0x00000264951b4d90, 0x0000026497803410, 0x0000026497a9faa0,
0x000002649c4c1880, 0x0000026497cc3550, 0x0000026497836fb0, 0x0000026497df7a40,
0x000002649c2d3920, 0x000002649c241420, 0x0000026497d16080, 0x000002649c1b29f0,
0x000002649511f110
}

Java Threads: ( => current thread )
  0x000002643c0bd070 JavaThread "main"                              [_thread_blocked, id=39848, stack(0x000000877de00000,0x000000877df00000) (1024K)]
  0x000002643c16b200 JavaThread "Reference Handler"          daemon [_thread_blocked, id=34384, stack(0x000000877e200000,0x000000877e300000) (1024K)]
  0x000002643c16e3f0 JavaThread "Finalizer"                  daemon [_thread_blocked, id=39820, stack(0x000000877e300000,0x000000877e400000) (1024K)]
  0x000002643c170c60 JavaThread "Signal Dispatcher"          daemon [_thread_blocked, id=40244, stack(0x000000877e400000,0x000000877e500000) (1024K)]
  0x000002643c1716c0 JavaThread "Attach Listener"            daemon [_thread_blocked, id=36432, stack(0x000000877e500000,0x000000877e600000) (1024K)]
  0x000002643c175720 JavaThread "Service Thread"             daemon [_thread_blocked, id=35312, stack(0x000000877e600000,0x000000877e700000) (1024K)]
  0x000002643c179650 JavaThread "Monitor Deflation Thread"   daemon [_thread_blocked, id=33508, stack(0x000000877e700000,0x000000877e800000) (1024K)]
=>0x0000026494f05170 JavaThread "C2 CompilerThread0"         daemon [_thread_in_native, id=37376, stack(0x000000877e800000,0x000000877e900000) (1024K)]
  0x0000026494f298f0 JavaThread "C1 CompilerThread0"         daemon [_thread_blocked, id=28792, stack(0x000000877e900000,0x000000877ea00000) (1024K)]
  0x00000264951b4d90 JavaThread "Common-Cleaner"             daemon [_thread_blocked, id=35636, stack(0x000000877ee00000,0x000000877ef00000) (1024K)]
  0x0000026497803410 JavaThread "Notification Thread"        daemon [_thread_blocked, id=39556, stack(0x000000877ed00000,0x000000877ee00000) (1024K)]
  0x0000026497a9faa0 JavaThread "Active Thread: Equinox Container: 7714916e-f3ce-4ea8-972a-f1b7bfa4847a"        [_thread_blocked, id=32264, stack(0x000000877f600000,0x000000877f700000) (1024K)]
  0x000002649c4c1880 JavaThread "Framework Event Dispatcher: Equinox Container: 7714916e-f3ce-4ea8-972a-f1b7bfa4847a" daemon [_thread_blocked, id=35968, stack(0x000000877eb00000,0x000000877ec00000) (1024K)]
  0x0000026497cc3550 JavaThread "Start Level: Equinox Container: 7714916e-f3ce-4ea8-972a-f1b7bfa4847a" daemon [_thread_in_vm, id=40488, stack(0x000000877ec00000,0x000000877ed00000) (1024K)]
  0x0000026497836fb0 JavaThread "SCR Component Actor"        daemon [_thread_blocked, id=40236, stack(0x000000877ef00000,0x000000877f000000) (1024K)]
  0x0000026497df7a40 JavaThread "C1 CompilerThread1"         daemon [_thread_blocked, id=27392, stack(0x000000877f700000,0x000000877f800000) (1024K)]
  0x000002649c2d3920 JavaThread "C1 CompilerThread2"         daemon [_thread_blocked, id=34192, stack(0x000000877f800000,0x000000877f900000) (1024K)]
  0x000002649c241420 JavaThread "Worker-JM"                         [_thread_blocked, id=19852, stack(0x000000877f900000,0x000000877fa00000) (1024K)]
  0x0000026497d16080 JavaThread "JNA Cleaner"                daemon [_thread_blocked, id=37076, stack(0x000000877fc00000,0x000000877fd00000) (1024K)]
  0x000002649c1b29f0 JavaThread "Worker-0"                          [_thread_blocked, id=33832, stack(0x000000877fd00000,0x000000877fe00000) (1024K)]
  0x000002649511f110 JavaThread "Worker-1"                          [_thread_blocked, id=4024, stack(0x000000877fe00000,0x000000877ff00000) (1024K)]
Total: 21

Other Threads:
  0x000002643c164ae0 VMThread "VM Thread"                           [id=29448, stack(0x000000877e100000,0x000000877e200000) (1024K)]
  0x000002643bf4ca00 WatcherThread "VM Periodic Task Thread"        [id=37200, stack(0x000000877e000000,0x000000877e100000) (1024K)]
  0x000002643c0dc8d0 WorkerThread "GC Thread#0"                     [id=3908, stack(0x000000877df00000,0x000000877e000000) (1024K)]
  0x0000026497822b40 WorkerThread "GC Thread#1"                     [id=36224, stack(0x000000877f000000,0x000000877f100000) (1024K)]
  0x0000026497823650 WorkerThread "GC Thread#2"                     [id=33640, stack(0x000000877f100000,0x000000877f200000) (1024K)]
  0x0000026497824510 WorkerThread "GC Thread#3"                     [id=40548, stack(0x000000877f200000,0x000000877f300000) (1024K)]
  0x0000026497823db0 WorkerThread "GC Thread#4"                     [id=36928, stack(0x000000877f300000,0x000000877f400000) (1024K)]
  0x0000026497822ef0 WorkerThread "GC Thread#5"                     [id=34400, stack(0x000000877f400000,0x000000877f500000) (1024K)]
  0x00000264978232a0 WorkerThread "GC Thread#6"                     [id=36220, stack(0x000000877f500000,0x000000877f600000) (1024K)]
  0x0000026497a8cdb0 WorkerThread "GC Thread#7"                     [id=38204, stack(0x000000877ea00000,0x000000877eb00000) (1024K)]
  0x0000026497a8d8c0 WorkerThread "GC Thread#8"                     [id=13836, stack(0x000000877fa00000,0x000000877fb00000) (1024K)]
  0x0000026497a8d510 WorkerThread "GC Thread#9"                     [id=35660, stack(0x000000877fb00000,0x000000877fc00000) (1024K)]
Total: 12

Threads with active compile tasks:
C2 CompilerThread0  36963 2779       4       java.lang.invoke.MethodType::makeImpl (109 bytes)
Total: 1

VM state: not at safepoint (normal execution)

VM Mutex/Monitor currently owned by a thread:  ([mutex/lock_event])
[0x00007ffae17ac4e0] Metaspace_lock - owner thread: 0x0000026497cc3550

Heap address: 0x0000000080000000, size: 2048 MB, Compressed Oops mode: 32-bit

CDS archive(s) mapped at: [0x0000026453000000-0x0000026453ba0000-0x0000026453ba0000), size 12189696, SharedBaseAddress: 0x0000026453000000, ArchiveRelocationMode: 1.
Compressed class space mapped at: 0x0000026454000000-0x0000026494000000, reserved size: 1073741824
Narrow klass base: 0x0000026453000000, Narrow klass shift: 0, Narrow klass range: 0x100000000

GC Precious Log:
 CardTable entry size: 512
 CPUs: 24 total, 24 available
 Memory: 16103M
 Large Page Support: Disabled
 NUMA Support: Disabled
 Compressed Oops: Enabled (32-bit)
 Alignments: Space 512K, Generation 512K, Heap 2M
 Heap Min Capacity: 100M
 Heap Initial Capacity: 100M
 Heap Max Capacity: 2G
 Pre-touch: Disabled
 Parallel Workers: 18

Heap:
 PSYoungGen      total 29696K, used 29373K [0x00000000d5580000, 0x00000000d7680000, 0x0000000100000000)
  eden space 25600K, 98% used [0x00000000d5580000,0x00000000d6e344e0,0x00000000d6e80000)
  from space 4096K, 99% used [0x00000000d6e80000,0x00000000d727b0a8,0x00000000d7280000)
  to   space 4096K, 0% used [0x00000000d7280000,0x00000000d7280000,0x00000000d7680000)
 ParOldGen       total 68608K, used 2566K [0x0000000080000000, 0x0000000084300000, 0x00000000d5580000)
  object space 68608K, 3% used [0x0000000080000000,0x00000000802819c8,0x0000000084300000)
 Metaspace       used 16685K, committed 17344K, reserved 1114112K
  class space    used 1745K, committed 2048K, reserved 1048576K

Card table byte_map: [0x000002643ba60000,0x000002643be70000] _byte_map_base: 0x000002643b660000

Marking Bits: (ParMarkBitMap*) 0x00007ffae17b3450
 Begin Bits: [0x000002644e570000, 0x0000026450570000)
 End Bits:   [0x0000026450570000, 0x0000026452570000)

Polling page: 0x0000026439e80000

Metaspace:

Usage:
  Non-class:     14.59 MB used.
      Class:      1.70 MB used.
       Both:     16.29 MB used.

Virtual space:
  Non-class space:       64.00 MB reserved,      14.94 MB ( 23%) committed,  1 nodes.
      Class space:        1.00 GB reserved,       2.00 MB ( <1%) committed,  1 nodes.
             Both:        1.06 GB reserved,      16.94 MB (  2%) committed. 

Chunk freelists:
   Non-Class:  688.00 KB
       Class:  13.86 MB
        Both:  14.53 MB

MaxMetaspaceSize: unlimited
CompressedClassSpaceSize: 1.00 GB
Initial GC threshold: 21.00 MB
Current GC threshold: 21.00 MB
CDS: on
 - commit_granule_bytes: 65536.
 - commit_granule_words: 8192.
 - virtual_space_node_default_size: 8388608.
 - enlarge_chunks_in_place: 1.
 - use_allocation_guard: 0.


Internal statistics:

num_allocs_failed_limit: 0.
num_arena_births: 502.
num_arena_deaths: 0.
num_vsnodes_births: 2.
num_vsnodes_deaths: 0.
num_space_committed: 271.
num_space_uncommitted: 0.
num_chunks_returned_to_freelist: 0.
num_chunks_taken_from_freelist: 1125.
num_chunk_merges: 0.
num_chunk_splits: 711.
num_chunks_enlarged: 445.
num_inconsistent_stats: 0.

CodeHeap 'non-profiled nmethods': size=119168Kb used=1145Kb max_used=1145Kb free=118022Kb
 bounds [0x0000026446e60000, 0x00000264470d0000, 0x000002644e2c0000]
CodeHeap 'profiled nmethods': size=119104Kb used=5420Kb max_used=5420Kb free=113683Kb
 bounds [0x000002643f2c0000, 0x000002643f810000, 0x0000026446710000]
CodeHeap 'non-nmethods': size=7488Kb used=2399Kb max_used=2926Kb free=5088Kb
 bounds [0x0000026446710000, 0x0000026446a00000, 0x0000026446e60000]
CodeCache: size=245760Kb, used=8964Kb, max_used=9491Kb, free=236793Kb
 total_blobs=3347, nmethods=2796, adapters=455, full_count=0
Compilation: enabled, stopped_count=0, restarted_count=0

Compilation events (20 events):
Event: 36.584 Thread 0x0000026494f298f0 nmethod 2789 0x000002643f7fc710 code [0x000002643f7fc8a0, 0x000002643f7fca00]
Event: 36.585 Thread 0x0000026494f298f0 2790       3       java.util.regex.Matcher::match (154 bytes)
Event: 36.586 Thread 0x0000026494f298f0 nmethod 2790 0x000002643f7fca90 code [0x000002643f7fcca0, 0x000002643f7fd228]
Event: 36.726 Thread 0x0000026497df7a40 2792       3       java.lang.ThreadLocal$ThreadLocalMap::nextIndex (15 bytes)
Event: 36.727 Thread 0x0000026497df7a40 nmethod 2792 0x000002643f7fd490 code [0x000002643f7fd620, 0x000002643f7fd758]
Event: 36.831 Thread 0x0000026494f298f0 2794       3       java.lang.ref.SoftReference::get (29 bytes)
Event: 36.832 Thread 0x0000026494f298f0 nmethod 2794 0x000002643f7fd810 code [0x000002643f7fd9c0, 0x000002643f7fdb58]
Event: 36.833 Thread 0x0000026494f298f0 2797   !   3       jdk.internal.math.FloatingDecimal::readJavaFormatString (826 bytes)
Event: 36.833 Thread 0x0000026497df7a40 2795       3       java.lang.Double::parseDouble (5 bytes)
Event: 36.834 Thread 0x000002649c2d3920 2801       3       jdk.internal.math.FloatingDecimal$ASCIIToBinaryBuffer::doubleValue (1194 bytes)
Event: 36.834 Thread 0x0000026497df7a40 nmethod 2795 0x000002643f7fdc10 code [0x000002643f7fdde0, 0x000002643f7fe020]
Event: 36.834 Thread 0x0000026497df7a40 2796       3       jdk.internal.math.FloatingDecimal::parseDouble (10 bytes)
Event: 36.834 Thread 0x0000026497df7a40 nmethod 2796 0x000002643f7fe110 code [0x000002643f7fe2c0, 0x000002643f7fe4a8]
Event: 36.834 Thread 0x0000026497df7a40 2798       3       org.eclipse.jdt.core.JavaCore$$Lambda/0x00000264542218f8::applyAsDouble (8 bytes)
Event: 36.834 Thread 0x0000026497df7a40 nmethod 2798 0x000002643f7fe590 code [0x000002643f7fe740, 0x000002643f7fe970]
Event: 36.834 Thread 0x0000026497df7a40 2799   !   3       org.eclipse.jdt.core.JavaCore::lambda$0 (8 bytes)
Event: 36.835 Thread 0x0000026497df7a40 nmethod 2799 0x000002643f7fea10 code [0x000002643f7febe0, 0x000002643f7feef0]
Event: 36.835 Thread 0x0000026497df7a40 2800       3       jdk.internal.math.FloatingDecimal$ASCIIToBinaryBuffer::<init> (26 bytes)
Event: 36.835 Thread 0x0000026497df7a40 nmethod 2800 0x000002643f7ff090 code [0x000002643f7ff240, 0x000002643f7ff3d0]
Event: 36.840 Thread 0x000002649c2d3920 nmethod 2801 0x000002643f7ff490 code [0x000002643f7ff9e0, 0x000002643f801b68]

GC Heap History (6 events):
Event: 3.128 GC heap before
{Heap before GC invocations=1 (full 0):
 PSYoungGen      total 29696K, used 25600K [0x00000000d5580000, 0x00000000d7680000, 0x0000000100000000)
  eden space 25600K, 100% used [0x00000000d5580000,0x00000000d6e80000,0x00000000d6e80000)
  from space 4096K, 0% used [0x00000000d7280000,0x00000000d7280000,0x00000000d7680000)
  to   space 4096K, 0% used [0x00000000d6e80000,0x00000000d6e80000,0x00000000d7280000)
 ParOldGen       total 68608K, used 0K [0x0000000080000000, 0x0000000084300000, 0x00000000d5580000)
  object space 68608K, 0% used [0x0000000080000000,0x0000000080000000,0x0000000084300000)
 Metaspace       used 4182K, committed 4480K, reserved 1114112K
  class space    used 454K, committed 576K, reserved 1048576K
}
Event: 3.149 GC heap after
{Heap after GC invocations=1 (full 0):
 PSYoungGen      total 29696K, used 3643K [0x00000000d5580000, 0x00000000d7680000, 0x0000000100000000)
  eden space 25600K, 0% used [0x00000000d5580000,0x00000000d5580000,0x00000000d6e80000)
  from space 4096K, 88% used [0x00000000d6e80000,0x00000000d720efe0,0x00000000d7280000)
  to   space 4096K, 0% used [0x00000000d7280000,0x00000000d7280000,0x00000000d7680000)
 ParOldGen       total 68608K, used 16K [0x0000000080000000, 0x0000000084300000, 0x00000000d5580000)
  object space 68608K, 0% used [0x0000000080000000,0x0000000080004000,0x0000000084300000)
 Metaspace       used 4182K, committed 4480K, reserved 1114112K
  class space    used 454K, committed 576K, reserved 1048576K
}
Event: 8.322 GC heap before
{Heap before GC invocations=2 (full 0):
 PSYoungGen      total 29696K, used 29243K [0x00000000d5580000, 0x00000000d7680000, 0x0000000100000000)
  eden space 25600K, 100% used [0x00000000d5580000,0x00000000d6e80000,0x00000000d6e80000)
  from space 4096K, 88% used [0x00000000d6e80000,0x00000000d720efe0,0x00000000d7280000)
  to   space 4096K, 0% used [0x00000000d7280000,0x00000000d7280000,0x00000000d7680000)
 ParOldGen       total 68608K, used 16K [0x0000000080000000, 0x0000000084300000, 0x00000000d5580000)
  object space 68608K, 0% used [0x0000000080000000,0x0000000080004000,0x0000000084300000)
 Metaspace       used 7989K, committed 8256K, reserved 1114112K
  class space    used 830K, committed 960K, reserved 1048576K
}
Event: 8.338 GC heap after
{Heap after GC invocations=2 (full 0):
 PSYoungGen      total 29696K, used 4070K [0x00000000d5580000, 0x00000000d7680000, 0x0000000100000000)
  eden space 25600K, 0% used [0x00000000d5580000,0x00000000d5580000,0x00000000d6e80000)
  from space 4096K, 99% used [0x00000000d7280000,0x00000000d7679800,0x00000000d7680000)
  to   space 4096K, 0% used [0x00000000d6e80000,0x00000000d6e80000,0x00000000d7280000)
 ParOldGen       total 68608K, used 1113K [0x0000000080000000, 0x0000000084300000, 0x00000000d5580000)
  object space 68608K, 1% used [0x0000000080000000,0x00000000801166a8,0x0000000084300000)
 Metaspace       used 7989K, committed 8256K, reserved 1114112K
  class space    used 830K, committed 960K, reserved 1048576K
}
Event: 32.564 GC heap before
{Heap before GC invocations=3 (full 0):
 PSYoungGen      total 29696K, used 29670K [0x00000000d5580000, 0x00000000d7680000, 0x0000000100000000)
  eden space 25600K, 100% used [0x00000000d5580000,0x00000000d6e80000,0x00000000d6e80000)
  from space 4096K, 99% used [0x00000000d7280000,0x00000000d7679800,0x00000000d7680000)
  to   space 4096K, 0% used [0x00000000d6e80000,0x00000000d6e80000,0x00000000d7280000)
 ParOldGen       total 68608K, used 1113K [0x0000000080000000, 0x0000000084300000, 0x00000000d5580000)
  object space 68608K, 1% used [0x0000000080000000,0x00000000801166a8,0x0000000084300000)
 Metaspace       used 12719K, committed 13184K, reserved 1114112K
  class space    used 1345K, committed 1600K, reserved 1048576K
}
Event: 32.576 GC heap after
{Heap after GC invocations=3 (full 0):
 PSYoungGen      total 29696K, used 4076K [0x00000000d5580000, 0x00000000d7680000, 0x0000000100000000)
  eden space 25600K, 0% used [0x00000000d5580000,0x00000000d5580000,0x00000000d6e80000)
  from space 4096K, 99% used [0x00000000d6e80000,0x00000000d727b0a8,0x00000000d7280000)
  to   space 4096K, 0% used [0x00000000d7280000,0x00000000d7280000,0x00000000d7680000)
 ParOldGen       total 68608K, used 2566K [0x0000000080000000, 0x0000000084300000, 0x00000000d5580000)
  object space 68608K, 3% used [0x0000000080000000,0x00000000802819c8,0x0000000084300000)
 Metaspace       used 12719K, committed 13184K, reserved 1114112K
  class space    used 1345K, committed 1600K, reserved 1048576K
}

Dll operation events (10 events):
Event: 0.385 Loaded shared library c:\Users\Kaustav Ghosh\.cursor\extensions\redhat.java-1.54.0-win32-x64\jre\21.0.10-win32-x86_64\bin\java.dll
Event: 0.804 Loaded shared library c:\Users\Kaustav Ghosh\.cursor\extensions\redhat.java-1.54.0-win32-x64\jre\21.0.10-win32-x86_64\bin\zip.dll
Event: 0.885 Loaded shared library C:\Users\Kaustav Ghosh\.cursor\extensions\redhat.java-1.54.0-win32-x64\jre\21.0.10-win32-x86_64\bin\instrument.dll
Event: 1.072 Loaded shared library C:\Users\Kaustav Ghosh\.cursor\extensions\redhat.java-1.54.0-win32-x64\jre\21.0.10-win32-x86_64\bin\net.dll
Event: 1.208 Loaded shared library C:\Users\Kaustav Ghosh\.cursor\extensions\redhat.java-1.54.0-win32-x64\jre\21.0.10-win32-x86_64\bin\nio.dll
Event: 1.222 Loaded shared library C:\Users\Kaustav Ghosh\.cursor\extensions\redhat.java-1.54.0-win32-x64\jre\21.0.10-win32-x86_64\bin\zip.dll
Event: 1.296 Loaded shared library C:\Users\Kaustav Ghosh\.cursor\extensions\redhat.java-1.54.0-win32-x64\jre\21.0.10-win32-x86_64\bin\jimage.dll
Event: 1.666 Loaded shared library c:\Users\Kaustav Ghosh\.cursor\extensions\redhat.java-1.54.0-win32-x64\jre\21.0.10-win32-x86_64\bin\verify.dll
Event: 30.259 Loaded shared library C:\Users\Kaustav Ghosh\AppData\Roaming\Cursor\User\globalStorage\redhat.java\1.54.0\config_ss_win\org.eclipse.equinox.launcher\org.eclipse.equinox.launcher.win32.win32.x86_64_1.3.0.v20260203-2149\eclipse_11919.dll
Event: 35.367 Loaded shared library C:\Users\Kaustav Ghosh\AppData\Local\Temp\jna--1134674152\jna15170098041411543192.dll

Deoptimization events (20 events):
Event: 34.666 Thread 0x0000026497cc3550 DEOPT PACKING pc=0x000002643f7c5d39 sp=0x000000877ecf6330
Event: 34.666 Thread 0x0000026497cc3550 DEOPT UNPACKING pc=0x0000026446764242 sp=0x000000877ecf57c8 mode 0
Event: 35.634 Thread 0x0000026497cc3550 DEOPT PACKING pc=0x000002643f708356 sp=0x000000877ecf6390
Event: 35.634 Thread 0x0000026497cc3550 DEOPT UNPACKING pc=0x0000026446764242 sp=0x000000877ecf58a0 mode 0
Event: 35.765 Thread 0x0000026497cc3550 Uncommon trap: trap_request=0xffffffc6 fr.pc=0x0000026446f1eeb4 relative=0x0000000000000b34
Event: 35.765 Thread 0x0000026497cc3550 Uncommon trap: reason=bimorphic_or_optimized_type_check action=maybe_recompile pc=0x0000026446f1eeb4 method=java.util.HashMap.putVal(ILjava/lang/Object;Ljava/lang/Object;ZZ)Ljava/lang/Object; @ 91 c2
Event: 35.766 Thread 0x0000026497cc3550 DEOPT PACKING pc=0x0000026446f1eeb4 sp=0x000000877ecf7f80
Event: 35.766 Thread 0x0000026497cc3550 DEOPT UNPACKING pc=0x0000026446763aa2 sp=0x000000877ecf7ea8 mode 2
Event: 35.912 Thread 0x0000026497cc3550 Uncommon trap: trap_request=0xffffffcc fr.pc=0x0000026446f6b60c relative=0x000000000000034c
Event: 35.912 Thread 0x0000026497cc3550 Uncommon trap: reason=intrinsic_or_type_checked_inlining action=make_not_entrant pc=0x0000026446f6b60c method=java.util.Arrays.copyOf([Ljava/lang/Object;ILjava/lang/Class;)[Ljava/lang/Object; @ 35 c2
Event: 35.912 Thread 0x0000026497cc3550 DEOPT PACKING pc=0x0000026446f6b60c sp=0x000000877ecf9440
Event: 35.912 Thread 0x0000026497cc3550 DEOPT UNPACKING pc=0x0000026446763aa2 sp=0x000000877ecf93d0 mode 2
Event: 35.982 Thread 0x0000026497cc3550 Uncommon trap: trap_request=0xffffff45 fr.pc=0x0000026446f6ee24 relative=0x0000000000000084
Event: 35.982 Thread 0x0000026497cc3550 Uncommon trap: reason=unstable_if action=reinterpret pc=0x0000026446f6ee24 method=java.lang.ref.SoftReference.get()Ljava/lang/Object; @ 6 c2
Event: 35.982 Thread 0x0000026497cc3550 DEOPT PACKING pc=0x0000026446f6ee24 sp=0x000000877ecf9800
Event: 35.982 Thread 0x0000026497cc3550 DEOPT UNPACKING pc=0x0000026446763aa2 sp=0x000000877ecf9798 mode 2
Event: 36.829 Thread 0x0000026497cc3550 Uncommon trap: trap_request=0xffffff45 fr.pc=0x0000026446f68604 relative=0x0000000000001024
Event: 36.829 Thread 0x0000026497cc3550 Uncommon trap: reason=unstable_if action=reinterpret pc=0x0000026446f68604 method=jdk.internal.org.objectweb.asm.Frame.execute(IILjdk/internal/org/objectweb/asm/Symbol;Ljdk/internal/org/objectweb/asm/SymbolTable;)V @ 1 c2
Event: 36.829 Thread 0x0000026497cc3550 DEOPT PACKING pc=0x0000026446f68604 sp=0x000000877ecf7fd0
Event: 36.829 Thread 0x0000026497cc3550 DEOPT UNPACKING pc=0x0000026446763aa2 sp=0x000000877ecf7f58 mode 2

Classes loaded (20 events):
Event: 35.945 Loading class java/util/function/LongUnaryOperator
Event: 35.945 Loading class java/util/function/LongUnaryOperator done
Event: 35.946 Loading class java/lang/ThreadDeath
Event: 35.948 Loading class java/lang/ThreadDeath done
Event: 35.998 Loading class java/util/stream/SortedOps$SizedRefSortingSink
Event: 35.998 Loading class java/util/stream/SortedOps$SizedRefSortingSink done
Event: 36.284 Loading class java/util/concurrent/atomic/Striped64$1
Event: 36.284 Loading class java/util/concurrent/atomic/Striped64$1 done
Event: 36.530 Loading class java/net/Authenticator
Event: 36.530 Loading class java/net/Authenticator done
Event: 36.674 Loading class java/net/SocketAddress
Event: 36.676 Loading class java/net/SocketAddress done
Event: 36.676 Loading class java/net/InetSocketAddress
Event: 36.676 Loading class java/net/InetSocketAddress done
Event: 36.676 Loading class java/nio/channels/AsynchronousByteChannel
Event: 36.686 Loading class java/nio/channels/AsynchronousChannel
Event: 36.686 Loading class java/nio/channels/AsynchronousChannel done
Event: 36.686 Loading class java/nio/channels/AsynchronousByteChannel done
Event: 36.835 Loading class java/util/Collections$UnmodifiableSortedSet
Event: 36.837 Loading class java/util/Collections$UnmodifiableSortedSet done

Classes unloaded (0 events):
No events

Classes redefined (0 events):
No events

Internal exceptions (20 events):
Event: 35.638 Thread 0x0000026497cc3550 Exception <a 'java/lang/NoSuchMethodError'{0x00000000d6684dc0}: 'void java.lang.invoke.DirectMethodHandle$Holder.invokeSpecial(java.lang.Object, java.lang.Object, java.lang.Object, int)'> (0x00000000d6684dc0) 
thrown [s\src\hotspot\share\interpreter\linkResolver.cpp, line 773]
Event: 35.639 Thread 0x0000026497cc3550 Exception <a 'java/lang/NoSuchMethodError'{0x00000000d6688750}: 'void java.lang.invoke.DelegatingMethodHandle$Holder.reinvoke_L(java.lang.Object, java.lang.Object, int)'> (0x00000000d6688750) 
thrown [s\src\hotspot\share\interpreter\linkResolver.cpp, line 773]
Event: 35.642 Thread 0x0000026497cc3550 Exception <a 'java/lang/NoSuchMethodError'{0x00000000d668f438}: 'int java.lang.invoke.Invokers$Holder.invokeExact_MT(java.lang.Object, java.lang.Object, java.lang.Object)'> (0x00000000d668f438) 
thrown [s\src\hotspot\share\interpreter\linkResolver.cpp, line 773]
Event: 35.769 Thread 0x0000026497cc3550 Exception <a 'java/lang/NoSuchMethodError'{0x00000000d67ab3d8}: 'void java.lang.invoke.Invokers$Holder.invokeExact_MT(java.lang.Object, java.lang.Object, int, java.lang.Object)'> (0x00000000d67ab3d8) 
thrown [s\src\hotspot\share\interpreter\linkResolver.cpp, line 773]
Event: 35.940 Thread 0x0000026497cc3550 Exception <a 'java/lang/NoSuchMethodError'{0x00000000d68a8c08}: 'java.lang.Object java.lang.invoke.DirectMethodHandle$Holder.invokeSpecial(java.lang.Object, java.lang.Object, java.lang.Object, long, java.lang.Object)'> (0x00000000d68a8c08) 
thrown [s\src\hotspot\share\interpreter\linkResolver.cpp, line 773]
Event: 35.942 Thread 0x0000026497cc3550 Exception <a 'java/lang/NoSuchMethodError'{0x00000000d68b0450}: 'java.lang.Object java.lang.invoke.DirectMethodHandle$Holder.newInvokeSpecial(java.lang.Object, java.lang.Object, java.lang.Object, long)'> (0x00000000d68b0450) 
thrown [s\src\hotspot\share\interpreter\linkResolver.cpp, line 773]
Event: 35.943 Thread 0x0000026497cc3550 Exception <a 'java/lang/NoSuchMethodError'{0x00000000d68b4800}: 'java.lang.Object java.lang.invoke.DirectMethodHandle$Holder.invokeSpecial(java.lang.Object, java.lang.Object, java.lang.Object, java.lang.Object, long)'> (0x00000000d68b4800) 
thrown [s\src\hotspot\share\interpreter\linkResolver.cpp, line 773]
Event: 35.943 Thread 0x0000026497cc3550 Exception <a 'java/lang/NoSuchMethodError'{0x00000000d68b8420}: 'java.lang.Object java.lang.invoke.Invokers$Holder.linkToTargetMethod(java.lang.Object, java.lang.Object, long, java.lang.Object)'> (0x00000000d68b8420) 
thrown [s\src\hotspot\share\interpreter\linkResolver.cpp, line 773]
Event: 35.993 Thread 0x0000026497cc3550 Exception <a 'java/lang/NoSuchMethodError'{0x00000000d6910908}: 'int java.lang.invoke.DirectMethodHandle$Holder.invokeStaticInit(java.lang.Object, java.lang.Object, java.lang.Object)'> (0x00000000d6910908) 
thrown [s\src\hotspot\share\interpreter\linkResolver.cpp, line 773]
Event: 36.029 Thread 0x0000026497cc3550 Exception <a 'java/lang/IncompatibleClassChangeError'{0x00000000d69b9858}: Found class java.lang.Object, but interface was expected> (0x00000000d69b9858) 
thrown [s\src\hotspot\share\interpreter\linkResolver.cpp, line 840]
Event: 36.072 Thread 0x0000026497cc3550 Exception <a 'java/lang/NoSuchMethodError'{0x00000000d69cf6a8}: 'java.lang.Object java.lang.invoke.DirectMethodHandle$Holder.invokeSpecial(java.lang.Object, java.lang.Object, java.lang.Object, int, java.lang.Object, java.lang.Object)'> (0x00000000d69cf6a8) 
thrown [s\src\hotspot\share\interpreter\linkResolver.cpp, line 773]
Event: 36.078 Thread 0x0000026497cc3550 Exception <a 'java/lang/NoSuchMethodError'{0x00000000d69d76a8}: 'java.lang.Object java.lang.invoke.DirectMethodHandle$Holder.newInvokeSpecial(java.lang.Object, java.lang.Object, java.lang.Object, int, java.lang.Object)'> (0x00000000d69d76a8) 
thrown [s\src\hotspot\share\interpreter\linkResolver.cpp, line 773]
Event: 36.080 Thread 0x0000026497cc3550 Exception <a 'java/lang/NoSuchMethodError'{0x00000000d69db628}: 'java.lang.Object java.lang.invoke.DirectMethodHandle$Holder.invokeSpecial(java.lang.Object, java.lang.Object, java.lang.Object, java.lang.Object, int, java.lang.Object)'> (0x00000000d69db628) 
thrown [s\src\hotspot\share\interpreter\linkResolver.cpp, line 773]
Event: 36.081 Thread 0x0000026497cc3550 Exception <a 'java/lang/NoSuchMethodError'{0x00000000d69df168}: 'java.lang.Object java.lang.invoke.Invokers$Holder.linkToTargetMethod(java.lang.Object, java.lang.Object, int, java.lang.Object, java.lang.Object)'> (0x00000000d69df168) 
thrown [s\src\hotspot\share\interpreter\linkResolver.cpp, line 773]
Event: 36.084 Thread 0x000002649c1b29f0 Exception <a 'java/lang/NoSuchMethodError'{0x00000000d6929dc0}: 'java.lang.Object java.lang.invoke.DirectMethodHandle$Holder.invokeSpecial(java.lang.Object, java.lang.Object, int, java.lang.Object, java.lang.Object)'> (0x00000000d6929dc0) 
thrown [s\src\hotspot\share\interpreter\linkResolver.cpp, line 773]
Event: 36.089 Thread 0x000002649c1b29f0 Exception <a 'java/lang/NoSuchMethodError'{0x00000000d6930af8}: 'java.lang.Object java.lang.invoke.DirectMethodHandle$Holder.newInvokeSpecial(java.lang.Object, java.lang.Object, int, java.lang.Object)'> (0x00000000d6930af8) 
thrown [s\src\hotspot\share\interpreter\linkResolver.cpp, line 773]
Event: 36.090 Thread 0x000002649c1b29f0 Exception <a 'java/lang/NoSuchMethodError'{0x00000000d69343d8}: 'java.lang.Object java.lang.invoke.DirectMethodHandle$Holder.invokeSpecial(java.lang.Object, java.lang.Object, java.lang.Object, int, java.lang.Object)'> (0x00000000d69343d8) 
thrown [s\src\hotspot\share\interpreter\linkResolver.cpp, line 773]
Event: 36.429 Thread 0x0000026497cc3550 Exception <a 'java/lang/NoSuchMethodError'{0x00000000d6afd640}: 'void java.lang.invoke.DirectMethodHandle$Holder.invokeSpecial(java.lang.Object, java.lang.Object, java.lang.Object, java.lang.Object, java.lang.Object)'> (0x00000000d6afd640) 
thrown [s\src\hotspot\share\interpreter\linkResolver.cpp, line 773]
Event: 36.829 Thread 0x0000026497cc3550 Exception <a 'java/lang/NoSuchMethodError'{0x00000000d6dcee18}: 'double java.lang.invoke.DirectMethodHandle$Holder.invokeStatic(java.lang.Object, java.lang.Object)'> (0x00000000d6dcee18) 
thrown [s\src\hotspot\share\interpreter\linkResolver.cpp, line 773]
Event: 36.829 Thread 0x0000026497cc3550 Exception <a 'java/lang/NoSuchMethodError'{0x00000000d6dd24d8}: 'double java.lang.invoke.DirectMethodHandle$Holder.invokeStaticInit(java.lang.Object, java.lang.Object)'> (0x00000000d6dd24d8) 
thrown [s\src\hotspot\share\interpreter\linkResolver.cpp, line 773]

ZGC Phase Switch (0 events):
No events

VM Operations (20 events):
Event: 32.092 Executing non-safepoint VM operation: HandshakeAllThreads (Deoptimize)
Event: 32.092 Executing non-safepoint VM operation: HandshakeAllThreads (Deoptimize) done
Event: 32.564 Executing safepoint VM operation: ParallelGCFailedAllocation (Allocation Failure)
Event: 32.576 Executing safepoint VM operation: ParallelGCFailedAllocation (Allocation Failure) done
Event: 33.275 Executing non-safepoint VM operation: HandshakeAllThreads (Deoptimize)
Event: 33.276 Executing non-safepoint VM operation: HandshakeAllThreads (Deoptimize) done
Event: 33.288 Executing non-safepoint VM operation: HandshakeAllThreads (Deoptimize)
Event: 33.288 Executing non-safepoint VM operation: HandshakeAllThreads (Deoptimize) done
Event: 33.342 Executing non-safepoint VM operation: HandshakeAllThreads (Deoptimize)
Event: 33.342 Executing non-safepoint VM operation: HandshakeAllThreads (Deoptimize) done
Event: 34.349 Executing safepoint VM operation: Cleanup
Event: 34.349 Executing safepoint VM operation: Cleanup done
Event: 34.478 Executing non-safepoint VM operation: HandshakeAllThreads (Deoptimize)
Event: 34.478 Executing non-safepoint VM operation: HandshakeAllThreads (Deoptimize) done
Event: 35.482 Executing safepoint VM operation: Cleanup
Event: 35.482 Executing safepoint VM operation: Cleanup done
Event: 35.522 Executing non-safepoint VM operation: HandshakeAllThreads (Deoptimize)
Event: 35.522 Executing non-safepoint VM operation: HandshakeAllThreads (Deoptimize) done
Event: 36.523 Executing safepoint VM operation: Cleanup
Event: 36.523 Executing safepoint VM operation: Cleanup done

Memory protections (0 events):
No events

Nmethod flushes (0 events):
No events

Events (20 events):
Event: 4.312 Thread 0x000002643c0bd070 Thread added: 0x0000026497a9faa0
Event: 5.165 Thread 0x0000026497b17a60 Thread exited: 0x0000026497b17a60
Event: 5.362 Thread 0x00000264951bde60 Thread exited: 0x00000264951bde60
Event: 5.363 Thread 0x0000026494fa89d0 Thread exited: 0x0000026494fa89d0
Event: 7.738 Thread 0x0000026494fa7310 Thread exited: 0x0000026494fa7310
Event: 29.832 Thread 0x000002643c0bd070 Thread added: 0x000002649c4c1880
Event: 29.849 Thread 0x000002643c0bd070 Thread added: 0x0000026497cc3550
Event: 30.652 Thread 0x0000026497cc3550 Thread added: 0x0000026497836fb0
Event: 30.713 Thread 0x0000026494f298f0 Thread added: 0x0000026497df7a40
Event: 30.715 Thread 0x0000026497df7a40 Thread added: 0x000002649c2d3920
Event: 31.238 Thread 0x0000026494f05170 Thread added: 0x0000026497efdd80
Event: 31.238 Thread 0x0000026494f05170 Thread added: 0x0000026497e87600
Event: 31.416 Thread 0x0000026497e87600 Thread exited: 0x0000026497e87600
Event: 31.416 Thread 0x0000026497efdd80 Thread exited: 0x0000026497efdd80
Event: 32.323 Thread 0x0000026497cc3550 Thread added: 0x000002649c241420
Event: 33.303 Thread 0x0000026494f298f0 Thread added: 0x0000026497cea3a0
Event: 33.611 Thread 0x0000026497cea3a0 Thread exited: 0x0000026497cea3a0
Event: 35.692 Thread 0x0000026497cc3550 Thread added: 0x0000026497d16080
Event: 35.965 Thread 0x0000026497cc3550 Thread added: 0x000002649c1b29f0
Event: 36.089 Thread 0x0000026497cc3550 Thread added: 0x000002649511f110


Dynamic libraries:
0x00007ff7c0940000 - 0x00007ff7c094e000 	c:\Users\Kaustav Ghosh\.cursor\extensions\redhat.java-1.54.0-win32-x64\jre\21.0.10-win32-x86_64\bin\java.exe
0x00007ffc1ba00000 - 0x00007ffc1bc67000 	C:\WINDOWS\SYSTEM32\ntdll.dll
0x00007ffc1b020000 - 0x00007ffc1b0e9000 	C:\WINDOWS\System32\KERNEL32.DLL
0x00007ffc18430000 - 0x00007ffc18827000 	C:\WINDOWS\System32\KERNELBASE.dll
0x00007ffc19220000 - 0x00007ffc1936b000 	C:\WINDOWS\System32\ucrtbase.dll
0x00007ffbe0680000 - 0x00007ffbe0698000 	c:\Users\Kaustav Ghosh\.cursor\extensions\redhat.java-1.54.0-win32-x64\jre\21.0.10-win32-x86_64\bin\jli.dll
0x00007ffbd2fb0000 - 0x00007ffbd2fce000 	c:\Users\Kaustav Ghosh\.cursor\extensions\redhat.java-1.54.0-win32-x64\jre\21.0.10-win32-x86_64\bin\VCRUNTIME140.dll
0x00007ffc1ae50000 - 0x00007ffc1b016000 	C:\WINDOWS\System32\USER32.dll
0x00007ffbf3ce0000 - 0x00007ffbf3f72000 	C:\WINDOWS\WinSxS\amd64_microsoft.windows.common-controls_6595b64144ccf1df_6.0.26100.8328_none_3e08182ce334b678\COMCTL32.dll
0x00007ffc19370000 - 0x00007ffc19397000 	C:\WINDOWS\System32\win32u.dll
0x00007ffc1b370000 - 0x00007ffc1b39b000 	C:\WINDOWS\System32\GDI32.dll
0x00007ffc19880000 - 0x00007ffc19929000 	C:\WINDOWS\System32\msvcrt.dll
0x00007ffc19650000 - 0x00007ffc1977c000 	C:\WINDOWS\System32\gdi32full.dll
0x00007ffc19430000 - 0x00007ffc194d3000 	C:\WINDOWS\System32\msvcp_win.dll
0x00007ffc1a000000 - 0x00007ffc1a032000 	C:\WINDOWS\System32\IMM32.DLL
0x00007ffc0cb20000 - 0x00007ffc0cb2c000 	c:\Users\Kaustav Ghosh\.cursor\extensions\redhat.java-1.54.0-win32-x64\jre\21.0.10-win32-x86_64\bin\vcruntime140_1.dll
0x00007ffbcfc20000 - 0x00007ffbcfcad000 	c:\Users\Kaustav Ghosh\.cursor\extensions\redhat.java-1.54.0-win32-x64\jre\21.0.10-win32-x86_64\bin\msvcp140.dll
0x00007ffae0af0000 - 0x00007ffae1891000 	c:\Users\Kaustav Ghosh\.cursor\extensions\redhat.java-1.54.0-win32-x64\jre\21.0.10-win32-x86_64\bin\server\jvm.dll
0x00007ffc1b610000 - 0x00007ffc1b6c6000 	C:\WINDOWS\System32\ADVAPI32.dll
0x00007ffc19ef0000 - 0x00007ffc19f97000 	C:\WINDOWS\System32\sechost.dll
0x00007ffc19dc0000 - 0x00007ffc19ed8000 	C:\WINDOWS\System32\RPCRT4.dll
0x00007ffc1a0d0000 - 0x00007ffc1a150000 	C:\WINDOWS\System32\WS2_32.dll
0x00007ffc16ff0000 - 0x00007ffc1704e000 	C:\WINDOWS\SYSTEM32\POWRPROF.dll
0x00007ffc09960000 - 0x00007ffc0996b000 	C:\WINDOWS\SYSTEM32\VERSION.dll
0x00007ffc01df0000 - 0x00007ffc01e26000 	C:\WINDOWS\SYSTEM32\WINMM.dll
0x00007ffc16fd0000 - 0x00007ffc16fe4000 	C:\WINDOWS\SYSTEM32\UMPDC.dll
0x00007ffc172a0000 - 0x00007ffc172bb000 	C:\WINDOWS\SYSTEM32\kernel.appcore.dll
0x00007ffc09540000 - 0x00007ffc0954a000 	c:\Users\Kaustav Ghosh\.cursor\extensions\redhat.java-1.54.0-win32-x64\jre\21.0.10-win32-x86_64\bin\jimage.dll
0x00007ffc16400000 - 0x00007ffc16642000 	C:\WINDOWS\SYSTEM32\DBGHELP.DLL
0x00007ffc19930000 - 0x00007ffc19cb3000 	C:\WINDOWS\System32\combase.dll
0x00007ffc1b0f0000 - 0x00007ffc1b1c9000 	C:\WINDOWS\System32\OLEAUT32.dll
0x00007ffbf1170000 - 0x00007ffbf11ab000 	C:\WINDOWS\SYSTEM32\dbgcore.DLL
0x00007ffc194e0000 - 0x00007ffc19588000 	C:\WINDOWS\System32\bcryptPrimitives.dll
0x00007ffbd8ac0000 - 0x00007ffbd8acf000 	c:\Users\Kaustav Ghosh\.cursor\extensions\redhat.java-1.54.0-win32-x64\jre\21.0.10-win32-x86_64\bin\instrument.dll
0x00007ffbd1fa0000 - 0x00007ffbd1fc0000 	c:\Users\Kaustav Ghosh\.cursor\extensions\redhat.java-1.54.0-win32-x64\jre\21.0.10-win32-x86_64\bin\java.dll
0x00007ffc1a160000 - 0x00007ffc1a8ce000 	C:\WINDOWS\System32\SHELL32.dll
0x00007ffc18830000 - 0x00007ffc1909c000 	C:\WINDOWS\System32\windows.storage.dll
0x00007ffc19780000 - 0x00007ffc19876000 	C:\WINDOWS\System32\SHCORE.dll
0x00007ffc1b580000 - 0x00007ffc1b5e6000 	C:\WINDOWS\System32\shlwapi.dll
0x00007ffc18350000 - 0x00007ffc18379000 	C:\WINDOWS\SYSTEM32\profapi.dll
0x00007ffbd02d0000 - 0x00007ffbd02e8000 	c:\Users\Kaustav Ghosh\.cursor\extensions\redhat.java-1.54.0-win32-x64\jre\21.0.10-win32-x86_64\bin\zip.dll
0x00007ffbd2fa0000 - 0x00007ffbd2fb0000 	C:\Users\Kaustav Ghosh\.cursor\extensions\redhat.java-1.54.0-win32-x64\jre\21.0.10-win32-x86_64\bin\net.dll
0x00007ffc10b10000 - 0x00007ffc10c39000 	C:\WINDOWS\SYSTEM32\WINHTTP.dll
0x00007ffc177f0000 - 0x00007ffc1785c000 	C:\WINDOWS\system32\mswsock.dll
0x00007ffbcfc00000 - 0x00007ffbcfc16000 	C:\Users\Kaustav Ghosh\.cursor\extensions\redhat.java-1.54.0-win32-x64\jre\21.0.10-win32-x86_64\bin\nio.dll
0x00007ffbd2ed0000 - 0x00007ffbd2ee0000 	c:\Users\Kaustav Ghosh\.cursor\extensions\redhat.java-1.54.0-win32-x64\jre\21.0.10-win32-x86_64\bin\verify.dll
0x00007ffbcbd30000 - 0x00007ffbcbd75000 	C:\Users\Kaustav Ghosh\AppData\Roaming\Cursor\User\globalStorage\redhat.java\1.54.0\config_ss_win\org.eclipse.equinox.launcher\org.eclipse.equinox.launcher.win32.win32.x86_64_1.3.0.v20260203-2149\eclipse_11919.dll
0x00007ffc1b1d0000 - 0x00007ffc1b367000 	C:\WINDOWS\System32\ole32.dll
0x00007ffc17b70000 - 0x00007ffc17b8b000 	C:\WINDOWS\SYSTEM32\CRYPTSP.dll
0x00007ffc17200000 - 0x00007ffc17239000 	C:\WINDOWS\system32\rsaenh.dll
0x00007ffc178a0000 - 0x00007ffc178d3000 	C:\WINDOWS\SYSTEM32\USERENV.dll
0x00007ffc18320000 - 0x00007ffc1834a000 	C:\WINDOWS\SYSTEM32\bcrypt.dll
0x00007ffc17a50000 - 0x00007ffc17a5c000 	C:\WINDOWS\SYSTEM32\CRYPTBASE.dll
0x00007ffc16be0000 - 0x00007ffc16c12000 	C:\WINDOWS\SYSTEM32\IPHLPAPI.DLL
0x00007ffc19ee0000 - 0x00007ffc19eea000 	C:\WINDOWS\System32\NSI.dll
0x00007ffba4f70000 - 0x00007ffba4fb9000 	C:\Users\Kaustav Ghosh\AppData\Local\Temp\jna--1134674152\jna15170098041411543192.dll
0x00007ffc1b5f0000 - 0x00007ffc1b5f8000 	C:\WINDOWS\System32\PSAPI.DLL

JVMTI agents:
c:\Users\Kaustav Ghosh\.cursor\extensions\redhat.java-1.54.0-win32-x64\lombok\lombok-1.18.39-4050.jar path:c:\Users\Kaustav Ghosh\.cursor\extensions\redhat.java-1.54.0-win32-x64\jre\21.0.10-win32-x86_64\bin\instrument.dll, loaded, initialized, instrumentlib options:none

dbghelp: loaded successfully - version: 4.0.5 - missing functions: none
symbol engine: initialized successfully - sym options: 0x614 - pdb path: .;c:\Users\Kaustav Ghosh\.cursor\extensions\redhat.java-1.54.0-win32-x64\jre\21.0.10-win32-x86_64\bin;C:\WINDOWS\SYSTEM32;C:\WINDOWS\WinSxS\amd64_microsoft.windows.common-controls_6595b64144ccf1df_6.0.26100.8328_none_3e08182ce334b678;c:\Users\Kaustav Ghosh\.cursor\extensions\redhat.java-1.54.0-win32-x64\jre\21.0.10-win32-x86_64\bin\server;C:\Users\Kaustav Ghosh\AppData\Roaming\Cursor\User\globalStorage\redhat.java\1.54.0\config_ss_win\org.eclipse.equinox.launcher\org.eclipse.equinox.launcher.win32.win32.x86_64_1.3.0.v20260203-2149;C:\Users\Kaustav Ghosh\AppData\Local\Temp\jna--1134674152

VM Arguments:
jvm_args: --add-modules=ALL-SYSTEM --add-opens=java.base/java.util=ALL-UNNAMED --add-opens=java.base/java.lang=ALL-UNNAMED --add-opens=java.base/sun.nio.fs=ALL-UNNAMED -Declipse.application=org.eclipse.jdt.ls.core.id1 -Dosgi.bundles.defaultStartLevel=4 -Declipse.product=org.eclipse.jdt.ls.core.product -Djava.import.generatesMetadataFilesAtProjectRoot=false -DDetectVMInstallationsJob.disabled=true -Dfile.encoding=utf8 -XX:+UseParallelGC -XX:GCTimeRatio=4 -XX:AdaptiveSizePolicyWeight=90 -Dsun.zip.disableMemoryMapping=true -Xmx2G -Xms100m -Xlog:disable -javaagent:c:\Users\Kaustav Ghosh\.cursor\extensions\redhat.java-1.54.0-win32-x64\lombok\lombok-1.18.39-4050.jar 
java_command: c:\Users\Kaustav Ghosh\.cursor\extensions\redhat.java-1.54.0-win32-x64\server\plugins\org.eclipse.equinox.launcher_1.7.100.v20251111-0406.jar -configuration c:\Users\Kaustav Ghosh\AppData\Roaming\Cursor\User\globalStorage\redhat.java\1.54.0\config_ss_win -data c:\Users\Kaustav Ghosh\AppData\Roaming\Cursor\User\workspaceStorage\427544a250e4a6c8be578456d3b093ee\redhat.java\ss_ws --pipe=\\.\pipe\lsp-d9ebb233dc9b5fb1fe7fee187908070f-sock
java_class_path (initial): c:\Users\Kaustav Ghosh\.cursor\extensions\redhat.java-1.54.0-win32-x64\server\plugins\org.eclipse.equinox.launcher_1.7.100.v20251111-0406.jar
Launcher Type: SUN_STANDARD

[Global flags]
    uintx AdaptiveSizePolicyWeight                 = 90                                        {product} {command line}
     intx CICompilerCount                          = 12                                        {product} {ergonomic}
    uintx GCTimeRatio                              = 4                                         {product} {command line}
   size_t InitialHeapSize                          = 104857600                                 {product} {command line}
   size_t MaxHeapSize                              = 2147483648                                {product} {command line}
   size_t MaxNewSize                               = 715653120                                 {product} {ergonomic}
   size_t MinHeapDeltaBytes                        = 524288                                    {product} {ergonomic}
   size_t MinHeapSize                              = 104857600                                 {product} {command line}
   size_t NewSize                                  = 34603008                                  {product} {ergonomic}
    uintx NonNMethodCodeHeapSize                   = 7602480                                {pd product} {ergonomic}
    uintx NonProfiledCodeHeapSize                  = 122027880                              {pd product} {ergonomic}
   size_t OldSize                                  = 70254592                                  {product} {ergonomic}
    uintx ProfiledCodeHeapSize                     = 122027880                              {pd product} {ergonomic}
    uintx ReservedCodeCacheSize                    = 251658240                              {pd product} {ergonomic}
     bool SegmentedCodeCache                       = true                                      {product} {ergonomic}
   size_t SoftMaxHeapSize                          = 2147483648                             {manageable} {ergonomic}
     bool UseCompressedOops                        = true                           {product lp64_product} {ergonomic}
     bool UseLargePagesIndividualAllocation        = false                                  {pd product} {ergonomic}
     bool UseParallelGC                            = true                                      {product} {command line}

Logging:
Log output configuration:
 #0: stdout all=off uptime,level,tags foldmultilines=false
 #1: stderr all=off uptime,level,tags foldmultilines=false

Release file:
JAVA_VERSION="21.0.10" 
MODULES="java.base java.compiler java.datatransfer java.xml java.prefs java.desktop java.instrument java.logging java.management java.security.sasl java.naming java.rmi java.management.rmi java.net.http java.scripting java.security.jgss java.transaction.xa java.sql java.sql.rowset java.xml.crypto java.se java.smartcardio jdk.accessibility jdk.internal.jvmstat jdk.attach jdk.charsets jdk.internal.opt jdk.zipfs jdk.compiler jdk.crypto.ec jdk.crypto.cryptoki jdk.crypto.mscapi jdk.dynalink jdk.internal.ed jdk.editpad jdk.hotspot.agent jdk.httpserver jdk.internal.le jdk.internal.vm.ci jdk.internal.vm.compiler jdk.internal.vm.compiler.management jdk.jartool jdk.javadoc jdk.jcmd jdk.management jdk.management.agent jdk.jconsole jdk.jdeps jdk.jdwp.agent jdk.jdi jdk.jfr jdk.jshell jdk.jsobject jdk.jstatd jdk.localedata jdk.management.jfr jdk.naming.dns jdk.naming.rmi jdk.net jdk.nio.mapmode jdk.random jdk.sctp jdk.security.auth jdk.security.jgss jdk.unsupported jdk.unsupported.desktop jdk.xml.dom" 

Environment Variables:
JAVA_HOME=C:\Program Files\Java\jdk-25.0.2\
PATH=D:\APP\Python\Scripts\;D:\APP\Python\;C:\Program Files\Eclipse Adoptium\jdk-17.0.16.8-hotspot\bin;c:\Users\Kaustav Ghosh\AppData\Local\Programs\cursor\resources\app\bin;C:\Program Files\Google\Chrome\Application;C:\Program Files\Common Files\Oracle\Java\javapath;C:\Program Files (x86)\Common Files\Oracle\Java\java8path;C:\Program Files (x86)\Common Files\Oracle\Java\javapath;C:\WINDOWS\system32;C:\WINDOWS;C:\WINDOWS\System32\Wbem;C:\WINDOWS\System32\WindowsPowerShell\v1.0\;C:\WINDOWS\System32\OpenSSH\;D:\mingw32\bin;C:\Program Files\dotnet\;C:\Program Files (x86)\Windows Kits\10\Windows Performance Toolkit\;D:\java;C:\Users\Kaustav Ghosh\AppData\Local\Microsoft\WindowsApps;C:\MinGW\bin;C:\Program Files\JetBrains\PyCharm 2024.3\bin;C:\Users\Kaustav Ghosh\AppData\Local\GitHubDesktop\bin;C:\WINDOWS\system32;C:\WINDOWS;C:\WINDOWS\System32\Wbem;C:\WINDOWS\System32\WindowsPowerShell\v1.0\;C:\WINDOWS\System32\OpenSSH\;C:\Program Files\Git\cmd;C:\Pro;%MAVEN_HOME%\bin;C:\Users\Kaustav Ghosh\OneDrive\Desktop\apache-maven-3.9.11\bin;C:\Program Files\MySQL\MySQL Server 8.0\bin;C:\Program Files\NVIDIA Corporation\NVIDIA App\NvDLISR;C:\Program Files (x86)\NVIDIA Corporation\PhysX\Common;C:\Program Files\Java\jdk-25.0.2\bin;D:\nodejs\;C:\Program Files\WireGuard\;D:\PC CUSTOM\Sunshine;D:\PC CUSTOM\Sunshine\tools;C:\Program Files\Cloudflare\Cloudflare WARP\;C:\Program Files\MySQL\MySQL Shell 8.0\bin\;C:\Users\Kaustav Ghosh\AppData\Local\Microsoft\WindowsApps;C:\MinGW\bin;C:\Program Files\JetBrains\PyCharm 2024.3\bin;;C:\Users\Kaustav Ghosh\AppData\Local\GitHubDesktop\bin;;C:\Program Files\JetBrains\IntelliJ IDEA 2025.1.3\bin;;D:\Pros\Vs Code\Microsoft VS Code\bin;C:\Users\Kaustav Ghosh\AppData\Roaming\npm;D:\APP\CURSORNEW\cursor\resources\app\bin;D:\2nd Year 2025-26\4th Semester\ANTIGRAVITY\Antigravity\bin
USERNAME=Kaustav Ghosh
OS=Windows_NT
PROCESSOR_IDENTIFIER=Intel64 Family 6 Model 191 Stepping 2, GenuineIntel
TMP=C:\Users\KAUSTA~1\AppData\Local\Temp
TEMP=C:\Users\KAUSTA~1\AppData\Local\Temp




Periodic native trim disabled

---------------  S Y S T E M  ---------------

OS:
 Windows 11 , 64 bit Build 26100 (10.0.26100.8328)
OS uptime: 0 days 3:34 hours
Hyper-V role detected

CPU: total 24 (initial active 24) (12 cores per cpu, 2 threads per core) family 6 model 191 stepping 2 microcode 0x35, cx8, cmov, fxsr, ht, mmx, 3dnowpref, sse, sse2, sse3, ssse3, sse4.1, sse4.2, popcnt, lzcnt, tsc, tscinvbit, avx, avx2, aes, erms, clmul, bmi1, bmi2, adx, sha, fma, vzeroupper, clflush, clflushopt, clwb, hv, serialize, rdtscp, rdpid, fsrm, f16c, cet_ibt, cet_ss
Processor Information for processor 0
  Max Mhz: 2100, Current Mhz: 2100, Mhz Limit: 2100
Processor Information for processor 1
  Max Mhz: 2100, Current Mhz: 2100, Mhz Limit: 2100
Processor Information for processor 2
  Max Mhz: 2100, Current Mhz: 2100, Mhz Limit: 2100
Processor Information for processor 3
  Max Mhz: 2100, Current Mhz: 2100, Mhz Limit: 2100
Processor Information for processor 4
  Max Mhz: 2100, Current Mhz: 2100, Mhz Limit: 2100
Processor Information for processor 5
  Max Mhz: 2100, Current Mhz: 2100, Mhz Limit: 2100
Processor Information for processor 6
  Max Mhz: 2100, Current Mhz: 2100, Mhz Limit: 2100
Processor Information for processor 7
  Max Mhz: 2100, Current Mhz: 2100, Mhz Limit: 2100
Processor Information for processor 8
  Max Mhz: 2100, Current Mhz: 2100, Mhz Limit: 2100
Processor Information for processor 9
  Max Mhz: 2100, Current Mhz: 2100, Mhz Limit: 2100
Processor Information for processor 10
  Max Mhz: 2100, Current Mhz: 2100, Mhz Limit: 2100
Processor Information for processor 11
  Max Mhz: 2100, Current Mhz: 2100, Mhz Limit: 2100
Processor Information for processor 12
  Max Mhz: 2100, Current Mhz: 2100, Mhz Limit: 2100
Processor Information for processor 13
  Max Mhz: 2100, Current Mhz: 2100, Mhz Limit: 2100
Processor Information for processor 14
  Max Mhz: 2100, Current Mhz: 2100, Mhz Limit: 2100
Processor Information for processor 15
  Max Mhz: 2100, Current Mhz: 2100, Mhz Limit: 2100
Processor Information for processor 16
  Max Mhz: 2100, Current Mhz: 1500, Mhz Limit: 1491
Processor Information for processor 17
  Max Mhz: 2100, Current Mhz: 1500, Mhz Limit: 1491
Processor Information for processor 18
  Max Mhz: 2100, Current Mhz: 1500, Mhz Limit: 1491
Processor Information for processor 19
  Max Mhz: 2100, Current Mhz: 1500, Mhz Limit: 1491
Processor Information for processor 20
  Max Mhz: 2100, Current Mhz: 1500, Mhz Limit: 1491
Processor Information for processor 21
  Max Mhz: 2100, Current Mhz: 1500, Mhz Limit: 1491
Processor Information for processor 22
  Max Mhz: 2100, Current Mhz: 1500, Mhz Limit: 1491
Processor Information for processor 23
  Max Mhz: 2100, Current Mhz: 1500, Mhz Limit: 1491

Memory: 4k page, system-wide physical 16103M (589M free)
TotalPageFile size 28374M (AvailPageFile size 5M)
current process WorkingSet (physical memory assigned to process): 128M, peak: 129M
current process commit charge ("private bytes"): 300M, peak: 301M

vm_info: OpenJDK 64-Bit Server VM (21.0.10+7-LTS) for windows-amd64 JRE (21.0.10+7-LTS), built on 2026-01-20T00:00:00Z by "admin" with MS VC++ 17.12 (VS2022)

END.
