#
# There is insufficient memory for the Java Runtime Environment to continue.
# Native memory allocation (malloc) failed to allocate 2455256 bytes. Error detail: Chunk::new
# Possible reasons:
#   The system is out of physical RAM or swap space
#   This process is running with CompressedOops enabled, and the Java Heap may be blocking the growth of the native heap
# Possible solutions:
#   Reduce memory load on the system
#   Increase physical memory or swap space
#   Check if swap backing store is full
#   Decrease Java heap size (-Xmx/-Xms)
#   Decrease number of Java threads
#   Decrease Java thread stack sizes (-Xss)
#   Set larger code cache with -XX:ReservedCodeCacheSize=
#   JVM is running with Unscaled Compressed Oops mode in which the Java heap is
#     placed in the first 4GB address space. The Java Heap base address is the
#     maximum limit for the native heap growth. Please use -XX:HeapBaseMinAddress
#     to set the Java Heap base and to place the Java Heap above 4GB virtual address.
# This output file may be truncated or incomplete.
#
#  Out of Memory Error (arena.cpp:186), pid=16244, tid=40852
#
# JRE version: Java(TM) SE Runtime Environment (25.0.2+10) (build 25.0.2+10-LTS-69)
# Java VM: Java HotSpot(TM) 64-Bit Server VM (25.0.2+10-LTS-69, mixed mode, sharing, tiered, compressed oops, compressed class ptrs, g1 gc, windows-amd64)
# No core dump will be written. Minidumps are not enabled by default on client versions of Windows
#

---------------  S U M M A R Y ------------

Command Line: --enable-native-access=ALL-UNNAMED -Xms64m -Xmx256m -Dclassworlds.conf=C:\Users\Kaustav Ghosh\OneDrive\Desktop\apache-maven-3.9.11\bin\m2.conf -Dmaven.home=C:\Users\Kaustav Ghosh\OneDrive\Desktop\apache-maven-3.9.11 -Dlibrary.jansi.path=C:\Users\Kaustav Ghosh\OneDrive\Desktop\apache-maven-3.9.11\lib\jansi-native -Dmaven.multiModuleProjectDirectory=D:\2nd Year 2025-26\4th Semester\21DCS201P - Design Thinking and Methodology\Group Activity\Project\HireNest org.codehaus.plexus.classworlds.launcher.Launcher -q spring-boot:run -Dspring-boot.run.jvmArguments=-Xms64m -Xmx384m -XX:MaxMetaspaceSize=128m

Host: 13th Gen Intel(R) Core(TM) i7-13700HX, 24 cores, 15G,  Windows 11 , 64 bit Build 26100 (10.0.26100.8328)
Time: Mon May  4 05:34:47 2026 India Standard Time elapsed time: 12.813518 seconds (0d 0h 0m 12s)

---------------  T H R E A D  ---------------

Current thread (0x000001cd451bdf70):  JavaThread "C2 CompilerThread0" daemon [_thread_in_native, id=40852, stack(0x0000002b39b00000,0x0000002b39c00000) (1024K)]


Current CompileTask:
C2:12813 3965 %     4       sun.nio.cs.UTF_8$Decoder::decodeArrayLoop @ 103 (688 bytes)

Stack: [0x0000002b39b00000,0x0000002b39c00000]
Native frames: (J=compiled Java code, j=interpreted, Vv=VM code, C=native code)
V  [jvm.dll+0x7a70f9]  (no source info available)
V  [jvm.dll+0x772d6d]  (no source info available)
V  [jvm.dll+0x965d53]  (no source info available)
V  [jvm.dll+0x968351]  (no source info available)
V  [jvm.dll+0x968a63]  (no source info available)
V  [jvm.dll+0x2fc846]  (no source info available)
V  [jvm.dll+0x111b16]  (no source info available)
V  [jvm.dll+0x111e3e]  (no source info available)
V  [jvm.dll+0x1a0872]  (no source info available)
V  [jvm.dll+0x3b54c2]  (no source info available)
V  [jvm.dll+0x7aca8f]  (no source info available)
V  [jvm.dll+0x2c0b97]  (no source info available)
V  [jvm.dll+0x2bfb5f]  (no source info available)
V  [jvm.dll+0x2379a0]  (no source info available)
V  [jvm.dll+0x2cfc86]  (no source info available)
V  [jvm.dll+0x2cdf05]  (no source info available)
V  [jvm.dll+0x48e9d1]  (no source info available)
V  [jvm.dll+0x906fcd]  (no source info available)
V  [jvm.dll+0x7a56d5]  (no source info available)
C  [ucrtbase.dll+0x37b0]  (no source info available)
C  [KERNEL32.DLL+0x2e957]  (no source info available)
C  [ntdll.dll+0x427c]  (no source info available)

Lock stack of current Java thread (top to bottom):


---------------  P R O C E S S  ---------------

Threads class SMR info:
_java_thread_list=0x000001cd4ad37550, length=15, elements={
0x000001cd26d344a0, 0x000001cd451af350, 0x000001cd451b3c80, 0x000001cd451b6560,
0x000001cd451b8b50, 0x000001cd451ba3b0, 0x000001cd451bbd40, 0x000001cd451bdf70,
0x000001cd451c5fe0, 0x000001cd45229800, 0x000001cd452287e0, 0x000001cd45228ff0,
0x000001cd45365280, 0x000001cd4536aec0, 0x000001cd45d39f50
}

Java Threads: ( => current thread )
  0x000001cd26d344a0 JavaThread "main"                              [_thread_in_vm, id=32860, stack(0x0000002b38d00000,0x0000002b38e00000) (1024K)]
  0x000001cd451af350 JavaThread "Reference Handler"          daemon [_thread_blocked, id=34544, stack(0x0000002b39500000,0x0000002b39600000) (1024K)]
  0x000001cd451b3c80 JavaThread "Finalizer"                  daemon [_thread_blocked, id=9348, stack(0x0000002b39600000,0x0000002b39700000) (1024K)]
  0x000001cd451b6560 JavaThread "Signal Dispatcher"          daemon [_thread_blocked, id=31424, stack(0x0000002b39700000,0x0000002b39800000) (1024K)]
  0x000001cd451b8b50 JavaThread "Attach Listener"            daemon [_thread_blocked, id=38396, stack(0x0000002b39800000,0x0000002b39900000) (1024K)]
  0x000001cd451ba3b0 JavaThread "Service Thread"             daemon [_thread_blocked, id=37956, stack(0x0000002b39900000,0x0000002b39a00000) (1024K)]
  0x000001cd451bbd40 JavaThread "Monitor Deflation Thread"   daemon [_thread_blocked, id=30360, stack(0x0000002b39a00000,0x0000002b39b00000) (1024K)]
=>0x000001cd451bdf70 JavaThread "C2 CompilerThread0"         daemon [_thread_in_native, id=40852, stack(0x0000002b39b00000,0x0000002b39c00000) (1024K)]
  0x000001cd451c5fe0 JavaThread "C1 CompilerThread0"         daemon [_thread_blocked, id=40588, stack(0x0000002b39c00000,0x0000002b39d00000) (1024K)]
  0x000001cd45229800 JavaThread "C1 CompilerThread1"         daemon [_thread_blocked, id=19388, stack(0x0000002b39d00000,0x0000002b39e00000) (1024K)]
  0x000001cd452287e0 JavaThread "C1 CompilerThread2"         daemon [_thread_blocked, id=27976, stack(0x0000002b39e00000,0x0000002b39f00000) (1024K)]
  0x000001cd45228ff0 JavaThread "C1 CompilerThread3"         daemon [_thread_blocked, id=28796, stack(0x0000002b39f00000,0x0000002b3a000000) (1024K)]
  0x000001cd45365280 JavaThread "Notification Thread"        daemon [_thread_blocked, id=40308, stack(0x0000002b3a000000,0x0000002b3a100000) (1024K)]
  0x000001cd4536aec0 JavaThread "Common-Cleaner"             daemon [_thread_blocked, id=32540, stack(0x0000002b3a100000,0x0000002b3a200000) (1024K)]
  0x000001cd45d39f50 JavaThread "C2 CompilerThread1"         daemon [_thread_in_native, id=12132, stack(0x0000002b3ab00000,0x0000002b3ac00000) (1024K)]
Total: 15

Other Threads:
  0x000001cd4519abe0 VMThread "VM Thread"                           [id=21776, stack(0x0000002b39400000,0x0000002b39500000) (1024K)]
  0x000001cd45065620 WatcherThread "VM Periodic Task Thread"        [id=37160, stack(0x0000002b39300000,0x0000002b39400000) (1024K)]
  0x000001cd2927c970 WorkerThread "GC Thread#0"                     [id=14020, stack(0x0000002b38e00000,0x0000002b38f00000) (1024K)]
  0x000001cd4a29a4c0 WorkerThread "GC Thread#1"                     [id=33196, stack(0x0000002b3a200000,0x0000002b3a300000) (1024K)]
  0x000001cd4a1d3260 WorkerThread "GC Thread#2"                     [id=31960, stack(0x0000002b3a300000,0x0000002b3a400000) (1024K)]
  0x000001cd4a1d46a0 WorkerThread "GC Thread#3"                     [id=39124, stack(0x0000002b3a400000,0x0000002b3a500000) (1024K)]
  0x000001cd45631e00 WorkerThread "GC Thread#4"                     [id=37388, stack(0x0000002b3a500000,0x0000002b3a600000) (1024K)]
  0x000001cd45631110 WorkerThread "GC Thread#5"                     [id=2520, stack(0x0000002b3a600000,0x0000002b3a700000) (1024K)]
  0x000001cd45632af0 WorkerThread "GC Thread#6"                     [id=20124, stack(0x0000002b3a700000,0x0000002b3a800000) (1024K)]
  0x000001cd45632250 WorkerThread "GC Thread#7"                     [id=31176, stack(0x0000002b3a800000,0x0000002b3a900000) (1024K)]
  0x000001cd456326a0 WorkerThread "GC Thread#8"                     [id=26724, stack(0x0000002b3a900000,0x0000002b3aa00000) (1024K)]
  0x000001cd4562fb80 WorkerThread "GC Thread#9"                     [id=22624, stack(0x0000002b3aa00000,0x0000002b3ab00000) (1024K)]
  0x000001cd29280a40 ConcurrentGCThread "G1 Main Marker"            [id=40528, stack(0x0000002b38f00000,0x0000002b39000000) (1024K)]
  0x000001cd292834f0 WorkerThread "G1 Conc#0"                       [id=38628, stack(0x0000002b39000000,0x0000002b39100000) (1024K)]
  0x000001cd293077b0 ConcurrentGCThread "G1 Refine#0"               [id=33436, stack(0x0000002b39100000,0x0000002b39200000) (1024K)]
  0x000001cd29308960 ConcurrentGCThread "G1 Service"                [id=38504, stack(0x0000002b39200000,0x0000002b39300000) (1024K)]
Total: 16

Threads with active compile tasks:
C2 CompilerThread0  13124 3965 %     4       sun.nio.cs.UTF_8$Decoder::decodeArrayLoop @ 103 (688 bytes)
C2 CompilerThread1  13124 4041       4       org.codehaus.plexus.interpolation.util.ValueSourceUtils::trimPrefix (88 bytes)
Total: 2

VM state: not at safepoint (normal execution)

VM Mutex/Monitor currently owned by a thread: None

Heap address: 0x00000000f0000000, size: 256 MB, Compressed Oops mode: 32-bit

CDS archive(s) mapped at: [0x000000002f000000-0x000000002fdd0000-0x000000002fdd0000), size 14483456, SharedBaseAddress: 0x000000002f000000, ArchiveRelocationMode: 1.
Compressed class space mapped at: 0x0000000030000000-0x0000000070000000, reserved size: 1073741824
UseCompressedClassPointers 1, UseCompactObjectHeaders 0
Narrow klass pointer bits 32, Max shift 3
Narrow klass base: 0x000000002f000000, Narrow klass shift: 0
Encoding Range: [0x000000002f000000 - 0x000000012f000000), (4294967296 bytes)
Klass Range:    [0x000000002f010000 - 0x0000000070000000), (1090453504 bytes)
Klass ID Range:  [65536 - 1090519033) (1090453497)
Protection zone: [0x000000002f000000 - 0x000000002f010000), (65536 bytes)

GC Precious Log:
 CardTable entry size: 512
 Card Set container configuration: InlinePtr #cards 5 size 8 Array Of Cards #cards 10 size 36 Howl #buckets 4 coarsen threshold 1843 Howl Bitmap #cards 512 size 80 coarsen threshold 460 Card regions per heap region 1 cards per card region 2048
 CPUs: 24 total, 24 available
 Memory: 16103M
 Large Page Support: Disabled
 NUMA Support: Disabled
 Compressed Oops: Enabled (32-bit)
 Heap Region Size: 1M
 Heap Min Capacity: 64M
 Heap Initial Capacity: 64M
 Heap Max Capacity: 256M
 Pre-touch: Disabled
 Parallel Workers: 18
 Concurrent Workers: 5
 Concurrent Refinement Workers: 18
 Periodic GC: Disabled

Heap:
 garbage-first heap   total reserved 262144K, committed 67584K, used 20209K [0x00000000f0000000, 0x0000000100000000)
  region size 1024K, 15 young (15360K), 5 survivors (5120K)

Heap Regions: E=young(eden), S=young(survivor), O=old, HS=humongous(starts), HC=humongous(continues), CS=collection set, F=free, TAMS=top-at-mark-start, PB=parsable bottom
|   0|0x00000000f0000000, 0x00000000f0100000, 0x00000000f0100000|100%| O|  |TAMS 0x00000000f0000000| PB 0x00000000f0000000| Untracked |  0
|   1|0x00000000f0100000, 0x00000000f0200000, 0x00000000f0200000|100%| O|  |TAMS 0x00000000f0100000| PB 0x00000000f0100000| Untracked |  0
|   2|0x00000000f0200000, 0x00000000f0300000, 0x00000000f0300000|100%| O|  |TAMS 0x00000000f0200000| PB 0x00000000f0200000| Untracked |  0
|   3|0x00000000f0300000, 0x00000000f0400000, 0x00000000f0400000|100%| O|  |TAMS 0x00000000f0300000| PB 0x00000000f0300000| Untracked |  0
|   4|0x00000000f0400000, 0x00000000f0496cc0, 0x00000000f0500000| 58%| O|  |TAMS 0x00000000f0400000| PB 0x00000000f0400000| Untracked |  0
|   5|0x00000000f0500000, 0x00000000f0500000, 0x00000000f0600000|  0%| F|  |TAMS 0x00000000f0500000| PB 0x00000000f0500000| Untracked |  0
|   6|0x00000000f0600000, 0x00000000f0600000, 0x00000000f0700000|  0%| F|  |TAMS 0x00000000f0600000| PB 0x00000000f0600000| Untracked |  0
|   7|0x00000000f0700000, 0x00000000f0700000, 0x00000000f0800000|  0%| F|  |TAMS 0x00000000f0700000| PB 0x00000000f0700000| Untracked |  0
|   8|0x00000000f0800000, 0x00000000f0800000, 0x00000000f0900000|  0%| F|  |TAMS 0x00000000f0800000| PB 0x00000000f0800000| Untracked |  0
|   9|0x00000000f0900000, 0x00000000f0900000, 0x00000000f0a00000|  0%| F|  |TAMS 0x00000000f0900000| PB 0x00000000f0900000| Untracked |  0
|  10|0x00000000f0a00000, 0x00000000f0a00000, 0x00000000f0b00000|  0%| F|  |TAMS 0x00000000f0a00000| PB 0x00000000f0a00000| Untracked |  0
|  11|0x00000000f0b00000, 0x00000000f0b00000, 0x00000000f0c00000|  0%| F|  |TAMS 0x00000000f0b00000| PB 0x00000000f0b00000| Untracked |  0
|  12|0x00000000f0c00000, 0x00000000f0c00000, 0x00000000f0d00000|  0%| F|  |TAMS 0x00000000f0c00000| PB 0x00000000f0c00000| Untracked |  0
|  13|0x00000000f0d00000, 0x00000000f0d00000, 0x00000000f0e00000|  0%| F|  |TAMS 0x00000000f0d00000| PB 0x00000000f0d00000| Untracked |  0
|  14|0x00000000f0e00000, 0x00000000f0e00000, 0x00000000f0f00000|  0%| F|  |TAMS 0x00000000f0e00000| PB 0x00000000f0e00000| Untracked |  0
|  15|0x00000000f0f00000, 0x00000000f0f00000, 0x00000000f1000000|  0%| F|  |TAMS 0x00000000f0f00000| PB 0x00000000f0f00000| Untracked |  0
|  16|0x00000000f1000000, 0x00000000f1000000, 0x00000000f1100000|  0%| F|  |TAMS 0x00000000f1000000| PB 0x00000000f1000000| Untracked |  0
|  17|0x00000000f1100000, 0x00000000f1100000, 0x00000000f1200000|  0%| F|  |TAMS 0x00000000f1100000| PB 0x00000000f1100000| Untracked |  0
|  18|0x00000000f1200000, 0x00000000f1200000, 0x00000000f1300000|  0%| F|  |TAMS 0x00000000f1200000| PB 0x00000000f1200000| Untracked |  0
|  19|0x00000000f1300000, 0x00000000f1300000, 0x00000000f1400000|  0%| F|  |TAMS 0x00000000f1300000| PB 0x00000000f1300000| Untracked |  0
|  20|0x00000000f1400000, 0x00000000f1400000, 0x00000000f1500000|  0%| F|  |TAMS 0x00000000f1400000| PB 0x00000000f1400000| Untracked |  0
|  21|0x00000000f1500000, 0x00000000f1500000, 0x00000000f1600000|  0%| F|  |TAMS 0x00000000f1500000| PB 0x00000000f1500000| Untracked |  0
|  22|0x00000000f1600000, 0x00000000f1600000, 0x00000000f1700000|  0%| F|  |TAMS 0x00000000f1600000| PB 0x00000000f1600000| Untracked |  0
|  23|0x00000000f1700000, 0x00000000f1700000, 0x00000000f1800000|  0%| F|  |TAMS 0x00000000f1700000| PB 0x00000000f1700000| Untracked |  0
|  24|0x00000000f1800000, 0x00000000f1800000, 0x00000000f1900000|  0%| F|  |TAMS 0x00000000f1800000| PB 0x00000000f1800000| Untracked |  0
|  25|0x00000000f1900000, 0x00000000f1a00000, 0x00000000f1a00000|100%| S|CS|TAMS 0x00000000f1900000| PB 0x00000000f1900000| Complete |  0
|  26|0x00000000f1a00000, 0x00000000f1b00000, 0x00000000f1b00000|100%| S|CS|TAMS 0x00000000f1a00000| PB 0x00000000f1a00000| Complete |  0
|  27|0x00000000f1b00000, 0x00000000f1c00000, 0x00000000f1c00000|100%| S|CS|TAMS 0x00000000f1b00000| PB 0x00000000f1b00000| Complete |  0
|  28|0x00000000f1c00000, 0x00000000f1d00000, 0x00000000f1d00000|100%| S|CS|TAMS 0x00000000f1c00000| PB 0x00000000f1c00000| Complete |  0
|  29|0x00000000f1d00000, 0x00000000f1e00000, 0x00000000f1e00000|100%| S|CS|TAMS 0x00000000f1d00000| PB 0x00000000f1d00000| Complete |  0
|  30|0x00000000f1e00000, 0x00000000f1e00000, 0x00000000f1f00000|  0%| F|  |TAMS 0x00000000f1e00000| PB 0x00000000f1e00000| Untracked |  0
|  31|0x00000000f1f00000, 0x00000000f1f00000, 0x00000000f2000000|  0%| F|  |TAMS 0x00000000f1f00000| PB 0x00000000f1f00000| Untracked |  0
|  32|0x00000000f2000000, 0x00000000f2000000, 0x00000000f2100000|  0%| F|  |TAMS 0x00000000f2000000| PB 0x00000000f2000000| Untracked |  0
|  33|0x00000000f2100000, 0x00000000f2100000, 0x00000000f2200000|  0%| F|  |TAMS 0x00000000f2100000| PB 0x00000000f2100000| Untracked |  0
|  34|0x00000000f2200000, 0x00000000f2200000, 0x00000000f2300000|  0%| F|  |TAMS 0x00000000f2200000| PB 0x00000000f2200000| Untracked |  0
|  35|0x00000000f2300000, 0x00000000f2300000, 0x00000000f2400000|  0%| F|  |TAMS 0x00000000f2300000| PB 0x00000000f2300000| Untracked |  0
|  36|0x00000000f2400000, 0x00000000f2400000, 0x00000000f2500000|  0%| F|  |TAMS 0x00000000f2400000| PB 0x00000000f2400000| Untracked |  0
|  37|0x00000000f2500000, 0x00000000f2500000, 0x00000000f2600000|  0%| F|  |TAMS 0x00000000f2500000| PB 0x00000000f2500000| Untracked |  0
|  38|0x00000000f2600000, 0x00000000f2600000, 0x00000000f2700000|  0%| F|  |TAMS 0x00000000f2600000| PB 0x00000000f2600000| Untracked |  0
|  39|0x00000000f2700000, 0x00000000f2700000, 0x00000000f2800000|  0%| F|  |TAMS 0x00000000f2700000| PB 0x00000000f2700000| Untracked |  0
|  40|0x00000000f2800000, 0x00000000f2800000, 0x00000000f2900000|  0%| F|  |TAMS 0x00000000f2800000| PB 0x00000000f2800000| Untracked |  0
|  41|0x00000000f2900000, 0x00000000f2900000, 0x00000000f2a00000|  0%| F|  |TAMS 0x00000000f2900000| PB 0x00000000f2900000| Untracked |  0
|  42|0x00000000f2a00000, 0x00000000f2a00000, 0x00000000f2b00000|  0%| F|  |TAMS 0x00000000f2a00000| PB 0x00000000f2a00000| Untracked |  0
|  43|0x00000000f2b00000, 0x00000000f2b00000, 0x00000000f2c00000|  0%| F|  |TAMS 0x00000000f2b00000| PB 0x00000000f2b00000| Untracked |  0
|  44|0x00000000f2c00000, 0x00000000f2c00000, 0x00000000f2d00000|  0%| F|  |TAMS 0x00000000f2c00000| PB 0x00000000f2c00000| Untracked |  0
|  45|0x00000000f2d00000, 0x00000000f2d00000, 0x00000000f2e00000|  0%| F|  |TAMS 0x00000000f2d00000| PB 0x00000000f2d00000| Untracked |  0
|  46|0x00000000f2e00000, 0x00000000f2e00000, 0x00000000f2f00000|  0%| F|  |TAMS 0x00000000f2e00000| PB 0x00000000f2e00000| Untracked |  0
|  47|0x00000000f2f00000, 0x00000000f2f00000, 0x00000000f3000000|  0%| F|  |TAMS 0x00000000f2f00000| PB 0x00000000f2f00000| Untracked |  0
|  48|0x00000000f3000000, 0x00000000f3000000, 0x00000000f3100000|  0%| F|  |TAMS 0x00000000f3000000| PB 0x00000000f3000000| Untracked |  0
|  49|0x00000000f3100000, 0x00000000f3100000, 0x00000000f3200000|  0%| F|  |TAMS 0x00000000f3100000| PB 0x00000000f3100000| Untracked |  0
|  50|0x00000000f3200000, 0x00000000f3200000, 0x00000000f3300000|  0%| F|  |TAMS 0x00000000f3200000| PB 0x00000000f3200000| Untracked |  0
|  51|0x00000000f3300000, 0x00000000f3300000, 0x00000000f3400000|  0%| F|  |TAMS 0x00000000f3300000| PB 0x00000000f3300000| Untracked |  0
|  52|0x00000000f3400000, 0x00000000f3400000, 0x00000000f3500000|  0%| F|  |TAMS 0x00000000f3400000| PB 0x00000000f3400000| Untracked |  0
|  53|0x00000000f3500000, 0x00000000f3500000, 0x00000000f3600000|  0%| F|  |TAMS 0x00000000f3500000| PB 0x00000000f3500000| Untracked |  0
|  54|0x00000000f3600000, 0x00000000f3700000, 0x00000000f3700000|100%| E|  |TAMS 0x00000000f3600000| PB 0x00000000f3600000| Complete |  0
|  55|0x00000000f3700000, 0x00000000f3800000, 0x00000000f3800000|100%| E|CS|TAMS 0x00000000f3700000| PB 0x00000000f3700000| Complete |  0
|  56|0x00000000f3800000, 0x00000000f3900000, 0x00000000f3900000|100%| E|CS|TAMS 0x00000000f3800000| PB 0x00000000f3800000| Complete |  0
|  57|0x00000000f3900000, 0x00000000f3a00000, 0x00000000f3a00000|100%| E|CS|TAMS 0x00000000f3900000| PB 0x00000000f3900000| Complete |  0
|  58|0x00000000f3a00000, 0x00000000f3b00000, 0x00000000f3b00000|100%| E|CS|TAMS 0x00000000f3a00000| PB 0x00000000f3a00000| Complete |  0
|  59|0x00000000f3b00000, 0x00000000f3c00000, 0x00000000f3c00000|100%| E|CS|TAMS 0x00000000f3b00000| PB 0x00000000f3b00000| Complete |  0
|  60|0x00000000f3c00000, 0x00000000f3d00000, 0x00000000f3d00000|100%| E|CS|TAMS 0x00000000f3c00000| PB 0x00000000f3c00000| Complete |  0
|  61|0x00000000f3d00000, 0x00000000f3e00000, 0x00000000f3e00000|100%| E|CS|TAMS 0x00000000f3d00000| PB 0x00000000f3d00000| Complete |  0
|  62|0x00000000f3e00000, 0x00000000f3f00000, 0x00000000f3f00000|100%| E|CS|TAMS 0x00000000f3e00000| PB 0x00000000f3e00000| Complete |  0
|  63|0x00000000f3f00000, 0x00000000f4000000, 0x00000000f4000000|100%| E|CS|TAMS 0x00000000f3f00000| PB 0x00000000f3f00000| Complete |  0
| 254|0x00000000ffe00000, 0x00000000fff00000, 0x00000000fff00000|100%| O|  |TAMS 0x00000000ffe00000| PB 0x00000000ffe00000| Untracked |  0
| 255|0x00000000fff00000, 0x00000000fff257b8, 0x0000000100000000| 14%| O|  |TAMS 0x00000000fff00000| PB 0x00000000fff00000| Untracked |  0

Card table byte_map: [0x000001cd418c0000,0x000001cd41940000] _byte_map_base: 0x000001cd41140000

Marking Bits: (CMBitMap*) 0x000001cd2927d100
 Bits: [0x000001cd41940000, 0x000001cd41d40000)

Polling page: 0x000001cd27010000

Metaspace:
Metaspace        used 15558K, committed 15744K, reserved 1114112K
 class space     used 1921K, committed 1984K, reserved 1048576K

Usage:
  Non-class:     13.32 MB used.
      Class:      1.88 MB used.
       Both:     15.19 MB used.

Virtual space:
  Non-class space:       64.00 MB reserved,      13.44 MB ( 21%) committed,  1 nodes.
      Class space:        1.00 GB reserved,       1.94 MB ( <1%) committed,  1 nodes.
             Both:        1.06 GB reserved,      15.38 MB (  1%) committed. 

Chunk freelists:
   Non-Class:  2.20 MB
       Class:  13.88 MB
        Both:  16.08 MB

MaxMetaspaceSize: unlimited
CompressedClassSpaceSize: 1.00 GB
Initial GC threshold: 21.00 MB
Current GC threshold: 21.00 MB
CDS: on
 - commit_granule_bytes: 65536.
 - commit_granule_words: 8192.
 - virtual_space_node_default_size: 8388608.
 - enlarge_chunks_in_place: 1.
UseCompressedClassPointers 1, UseCompactObjectHeaders 0
Narrow klass pointer bits 32, Max shift 3
Narrow klass base: 0x000000002f000000, Narrow klass shift: 0
Encoding Range: [0x000000002f000000 - 0x000000012f000000), (4294967296 bytes)
Klass Range:    [0x000000002f010000 - 0x0000000070000000), (1090453504 bytes)
Klass ID Range:  [65536 - 1090519033) (1090453497)
Protection zone: [0x000000002f000000 - 0x000000002f010000), (65536 bytes)


Internal statistics:

num_allocs_failed_limit: 0.
num_arena_births: 162.
num_arena_deaths: 0.
num_vsnodes_births: 2.
num_vsnodes_deaths: 0.
num_space_committed: 246.
num_space_uncommitted: 0.
num_chunks_returned_to_freelist: 0.
num_chunks_taken_from_freelist: 700.
num_chunk_merges: 0.
num_chunk_splits: 480.
num_chunks_enlarged: 381.
num_inconsistent_stats: 0.

CodeHeap 'non-profiled nmethods': size=119232Kb used=1249Kb max_used=1249Kb free=117982Kb
 bounds [0x000001cd39670000, 0x000001cd398e0000, 0x000001cd40ae0000]
CodeHeap 'profiled nmethods': size=119104Kb used=6549Kb max_used=6549Kb free=112554Kb
 bounds [0x000001cd31ae0000, 0x000001cd32150000, 0x000001cd38f30000]
CodeHeap 'non-nmethods': size=7424Kb used=3091Kb max_used=3149Kb free=4332Kb
 bounds [0x000001cd38f30000, 0x000001cd39250000, 0x000001cd39670000]
CodeCache: size=245760Kb, used=10889Kb, max_used=10947Kb, free=234868Kb
 total_blobs=4617, nmethods=4092, adapters=422, full_count=0
Compilation: enabled, stopped_count=0, restarted_count=0

Compilation events (20 events):
Event: 12.786 Thread 0x000001cd45228ff0 4001   !   3       jdk.internal.reflect.DirectMethodHandleAccessor::invoke (92 bytes)
Event: 12.786 Thread 0x000001cd45d39f50 nmethod 3999 0x000001cd397a2c88 code [0x000001cd397a2d80, 0x000001cd397a2e78]
Event: 12.786 Thread 0x000001cd45229800 4002       3       jdk.internal.reflect.DirectMethodHandleAccessor::isStatic (20 bytes)
Event: 12.786 Thread 0x000001cd452287e0 4003       3       jdk.internal.reflect.DirectMethodHandleAccessor::checkArgumentCount (53 bytes)
Event: 12.786 Thread 0x000001cd45229800 nmethod 4002 0x000001cd32116b08 code [0x000001cd32116c00, 0x000001cd32116d60]
Event: 12.786 Thread 0x000001cd45229800 4004       3       jdk.internal.reflect.DirectMethodHandleAccessor::invokeImpl (108 bytes)
Event: 12.786 Thread 0x000001cd45d39f50 4005       4       java.util.regex.Pattern$BmpCharProperty::match (55 bytes)
Event: 12.787 Thread 0x000001cd452287e0 nmethod 4003 0x000001cd32116e08 code [0x000001cd32116f00, 0x000001cd32117990]
Event: 12.789 Thread 0x000001cd45229800 nmethod 4004 0x000001cd32117a08 code [0x000001cd32117b00, 0x000001cd32119b68]
Event: 12.789 Thread 0x000001cd451c5fe0 nmethod 3997 0x000001cd32119c08 code [0x000001cd32119d20, 0x000001cd3211eb98]
Event: 12.790 Thread 0x000001cd45228ff0 nmethod 4001 0x000001cd3211ec08 code [0x000001cd3211ed00, 0x000001cd32121610]
Event: 12.790 Thread 0x000001cd45228ff0 4006       3       java.util.regex.Matcher::group (65 bytes)
Event: 12.790 Thread 0x000001cd451c5fe0 4007       3       java.util.regex.Matcher::checkGroup (41 bytes)
Event: 12.790 Thread 0x000001cd45229800 4008       3       java.util.regex.Matcher::groupCount (10 bytes)
Event: 12.790 Thread 0x000001cd452287e0 4009       3       java.util.regex.Matcher::getSubSequence (12 bytes)
Event: 12.790 Thread 0x000001cd45229800 nmethod 4008 0x000001cd32121688 code [0x000001cd32121780, 0x000001cd32121898]
Event: 12.790 Thread 0x000001cd452287e0 nmethod 4009 0x000001cd32121988 code [0x000001cd32121a80, 0x000001cd32121c50]
Event: 12.791 Thread 0x000001cd45228ff0 nmethod 4006 0x000001cd32121c88 code [0x000001cd32121d80, 0x000001cd321224c8]
Event: 12.791 Thread 0x000001cd451c5fe0 nmethod 4007 0x000001cd32122508 code [0x000001cd32122600, 0x000001cd32122f30]
Event: 12.793 Thread 0x000001cd45d39f50 nmethod 4005 0x000001cd397a2f88 code [0x000001cd397a3080, 0x000001cd397a3468]

GC Heap Usage History (6 events):
Event: 3.598 {heap Before GC invocations=0 (full 0):
 garbage-first heap   total reserved 262144K, committed 67584K, used 35989K [0x00000000f0000000, 0x0000000100000000)
  region size 1024K, 34 young (34816K), 0 survivors (0K)
}
Event: 3.623 {heap After GC invocations=1 (full 0):
 garbage-first heap   total reserved 262144K, committed 67584K, used 5109K [0x00000000f0000000, 0x0000000100000000)
  region size 1024K, 4 young (4096K), 4 survivors (4096K)
}
Event: 7.492 {heap Before GC invocations=1 (full 0):
 garbage-first heap   total reserved 262144K, committed 67584K, used 31733K [0x00000000f0000000, 0x0000000100000000)
  region size 1024K, 31 young (31744K), 4 survivors (4096K)
}
Event: 7.519 {heap After GC invocations=2 (full 0):
 garbage-first heap   total reserved 262144K, committed 67584K, used 6784K [0x00000000f0000000, 0x0000000100000000)
  region size 1024K, 3 young (3072K), 3 survivors (3072K)
}
Event: 12.176 {heap Before GC invocations=2 (full 0):
 garbage-first heap   total reserved 262144K, committed 67584K, used 37504K [0x00000000f0000000, 0x0000000100000000)
  region size 1024K, 34 young (34816K), 3 survivors (3072K)
}
Event: 12.221 {heap After GC invocations=3 (full 0):
 garbage-first heap   total reserved 262144K, committed 67584K, used 10993K [0x00000000f0000000, 0x0000000100000000)
  region size 1024K, 5 young (5120K), 5 survivors (5120K)
}

Metaspace Usage History (6 events):
Event: 3.598 {metaspace Before GC invocations=0 (full 0):
 Metaspace       used 6660K, committed 6848K, reserved 1114112K
  class space    used 805K, committed 896K, reserved 1048576K
}
Event: 3.623 {metaspace After GC invocations=1 (full 0):
 Metaspace       used 6660K, committed 6848K, reserved 1114112K
  class space    used 805K, committed 896K, reserved 1048576K
}
Event: 7.492 {metaspace Before GC invocations=1 (full 0):
 Metaspace       used 11921K, committed 12096K, reserved 1114112K
  class space    used 1515K, committed 1600K, reserved 1048576K
}
Event: 7.519 {metaspace After GC invocations=2 (full 0):
 Metaspace       used 11921K, committed 12096K, reserved 1114112K
  class space    used 1515K, committed 1600K, reserved 1048576K
}
Event: 12.176 {metaspace Before GC invocations=2 (full 0):
 Metaspace       used 15061K, committed 15232K, reserved 1114112K
  class space    used 1863K, committed 1920K, reserved 1048576K
}
Event: 12.221 {metaspace After GC invocations=3 (full 0):
 Metaspace       used 15061K, committed 15232K, reserved 1114112K
  class space    used 1863K, committed 1920K, reserved 1048576K
}

Dll operation events (7 events):
Event: 0.031 Loaded shared library C:\Program Files\Java\jdk-25.0.2\bin\java.dll
Event: 0.158 Loaded shared library C:\Program Files\Java\jdk-25.0.2\bin\net.dll
Event: 0.168 Loaded shared library C:\Program Files\Java\jdk-25.0.2\bin\nio.dll
Event: 0.187 Loaded shared library C:\Program Files\Java\jdk-25.0.2\bin\zip.dll
Event: 0.977 Loaded shared library C:\Program Files\Java\jdk-25.0.2\bin\jimage.dll
Event: 0.987 Loaded shared library C:\Users\Kaustav Ghosh\OneDrive\Desktop\apache-maven-3.9.11\lib\jansi-native\Windows\x86_64\jansi.dll
Event: 1.067 Loaded shared library C:\Program Files\Java\jdk-25.0.2\bin\verify.dll

Deoptimization events (20 events):
Event: 10.768 Thread 0x000001cd26d344a0 DEOPT PACKING pc=0x000001cd39678ec0 sp=0x0000002b38dfdfd0
Event: 10.768 Thread 0x000001cd26d344a0 DEOPT UNPACKING pc=0x000001cd38fbdc02 sp=0x0000002b38dfdf70 mode 2
Event: 10.768 Thread 0x000001cd26d344a0 Uncommon trap: trap_request=0xffffff45 fr.pc=0x000001cd396a4c88 relative=0x0000000000000588
Event: 10.768 Thread 0x000001cd26d344a0 Uncommon trap: reason=unstable_if action=reinterpret pc=0x000001cd396a4c88 method=java.lang.String.substring(II)Ljava/lang/String; @ 31 c2
Event: 10.768 Thread 0x000001cd26d344a0 DEOPT PACKING pc=0x000001cd396a4c88 sp=0x0000002b38dfdf70
Event: 10.768 Thread 0x000001cd26d344a0 DEOPT UNPACKING pc=0x000001cd38fbdc02 sp=0x0000002b38dfdf40 mode 2
Event: 10.801 Thread 0x000001cd26d344a0 Uncommon trap: trap_request=0xffffff45 fr.pc=0x000001cd3977050c relative=0x000000000000050c
Event: 10.801 Thread 0x000001cd26d344a0 Uncommon trap: reason=unstable_if action=reinterpret pc=0x000001cd3977050c method=java.lang.String.indexOf(Ljava/lang/String;)I @ 10 c2
Event: 10.801 Thread 0x000001cd26d344a0 DEOPT PACKING pc=0x000001cd3977050c sp=0x0000002b38dfe280
Event: 10.801 Thread 0x000001cd26d344a0 DEOPT UNPACKING pc=0x000001cd38fbdc02 sp=0x0000002b38dfe140 mode 2
Event: 11.551 Thread 0x000001cd26d344a0 DEOPT PACKING pc=0x000001cd3201cdf5 sp=0x0000002b38dfe0a0
Event: 11.551 Thread 0x000001cd26d344a0 DEOPT UNPACKING pc=0x000001cd38f81702 sp=0x0000002b38dfd5d8 mode 0
Event: 12.019 Thread 0x000001cd26d344a0 Uncommon trap: trap_request=0xffffff45 fr.pc=0x000001cd39779700 relative=0x0000000000000080
Event: 12.019 Thread 0x000001cd26d344a0 Uncommon trap: reason=unstable_if action=reinterpret pc=0x000001cd39779700 method=org.apache.maven.model.validation.DefaultModelValidator.isValidIdCharacter(C)Z @ 51 c2
Event: 12.019 Thread 0x000001cd26d344a0 DEOPT PACKING pc=0x000001cd39779700 sp=0x0000002b38dfe2a0
Event: 12.019 Thread 0x000001cd26d344a0 DEOPT UNPACKING pc=0x000001cd38fbdc02 sp=0x0000002b38dfe238 mode 2
Event: 12.433 Thread 0x000001cd26d344a0 Uncommon trap: trap_request=0xffffffcc fr.pc=0x000001cd3977de9c relative=0x000000000000039c
Event: 12.433 Thread 0x000001cd26d344a0 Uncommon trap: reason=intrinsic_or_type_checked_inlining action=make_not_entrant pc=0x000001cd3977de9c method=java.util.Arrays.copyOf([Ljava/lang/Object;ILjava/lang/Class;)[Ljava/lang/Object; @ 35 c2
Event: 12.433 Thread 0x000001cd26d344a0 DEOPT PACKING pc=0x000001cd3977de9c sp=0x0000002b38dfe0d0
Event: 12.433 Thread 0x000001cd26d344a0 DEOPT UNPACKING pc=0x000001cd38fbdc02 sp=0x0000002b38dfe060 mode 2

Classes loaded (20 events):
Event: 9.217 Loading class java/util/spi/ResourceBundleProvider
Event: 9.219 Loading class java/util/spi/ResourceBundleProvider done
Event: 9.219 Loading class sun/util/resources/LocaleData$LocaleDataResourceBundleProvider done
Event: 9.219 Loading class sun/util/resources/LocaleData$CommonResourceBundleProvider done
Event: 9.375 Loading class java/util/stream/IntStream
Event: 9.377 Loading class java/util/stream/IntStream done
Event: 9.377 Loading class java/util/Spliterators$EmptySpliterator$OfInt
Event: 9.379 Loading class java/util/Spliterator$OfInt
Event: 9.381 Loading class java/util/Spliterator$OfPrimitive
Event: 9.382 Loading class java/util/Spliterator$OfPrimitive done
Event: 9.382 Loading class java/util/Spliterator$OfInt done
Event: 9.382 Loading class java/util/Spliterators$EmptySpliterator$OfInt done
Event: 9.382 Loading class java/util/stream/IntPipeline$Head
Event: 9.383 Loading class java/util/stream/IntPipeline
Event: 9.385 Loading class java/util/stream/IntPipeline done
Event: 9.386 Loading class java/util/stream/IntPipeline$Head done
Event: 9.413 Loading class java/util/StringTokenizer
Event: 9.414 Loading class java/util/StringTokenizer done
Event: 9.821 Loading class java/util/stream/Streams$RangeIntSpliterator
Event: 9.825 Loading class java/util/stream/Streams$RangeIntSpliterator done

Classes unloaded (0 events):
No events

Classes redefined (0 events):
No events

Internal exceptions (20 events):
Event: 6.275 Thread 0x000001cd26d344a0 Exception <a 'java/lang/ExceptionInInitializerError'{0x00000000f2c71af8}> (0x00000000f2c71af8) 
thrown [s\open\src\hotspot\share\oops\instanceKlass.cpp, line 1349]
Event: 6.364 Thread 0x000001cd26d344a0 Exception <a 'java/lang/NoSuchMethodError'{0x00000000f2cde880}: 'long java.lang.invoke.DelegatingMethodHandle$Holder.reinvoke_L(java.lang.Object, java.lang.Object, java.lang.Object)'> (0x00000000f2cde880) 
thrown [s\open\src\hotspot\share\interpreter\linkResolver.cpp, line 804]
Event: 6.447 Thread 0x000001cd26d344a0 Exception <a 'java/lang/NoSuchMethodError'{0x00000000f2b601d8}: 'long java.lang.invoke.DelegatingMethodHandle$Holder.reinvoke_L(java.lang.Object, java.lang.Object, int)'> (0x00000000f2b601d8) 
thrown [s\open\src\hotspot\share\interpreter\linkResolver.cpp, line 804]
Event: 6.464 Thread 0x000001cd26d344a0 Exception <a 'java/lang/NoSuchMethodError'{0x00000000f2b78370}: 'java.lang.Object java.lang.invoke.DirectMethodHandle$Holder.invokeStatic(java.lang.Object, java.lang.Object, java.lang.Object, java.lang.Object, int)'> (0x00000000f2b78370) 
thrown [s\open\src\hotspot\share\interpreter\linkResolver.cpp, line 804]
Event: 6.471 Thread 0x000001cd26d344a0 Exception <a 'java/lang/NoSuchMethodError'{0x00000000f2b89da8}: 'java.lang.Object java.lang.invoke.DirectMethodHandle$Holder.invokeSpecial(java.lang.Object, java.lang.Object, java.lang.Object, java.lang.Object, long)'> (0x00000000f2b89da8) 
thrown [s\open\src\hotspot\share\interpreter\linkResolver.cpp, line 804]
Event: 6.494 Thread 0x000001cd26d344a0 Exception <a 'java/lang/NoSuchMethodError'{0x00000000f2bdacd0}: 'java.lang.Object java.lang.invoke.Invokers$Holder.invokeExact_MT(java.lang.Object, java.lang.Object, java.lang.Object, java.lang.Object, java.lang.Object, java.lang.Object)'> (0x00000000f2bdacd0) 
thrown [s\open\src\hotspot\share\interpreter\linkResolver.cpp, line 804]
Event: 6.504 Thread 0x000001cd26d344a0 Implicit null exception at 0x000001cd396dfc1d to 0x000001cd396dfdac
Event: 6.509 Thread 0x000001cd26d344a0 Exception <a 'java/lang/NoSuchMethodError'{0x00000000f2bfa580}: 'java.lang.Object java.lang.invoke.Invokers$Holder.invokeExact_MT(java.lang.Object, int, java.lang.Object)'> (0x00000000f2bfa580) 
thrown [s\open\src\hotspot\share\interpreter\linkResolver.cpp, line 804]
Event: 7.742 Thread 0x000001cd26d344a0 Exception <a 'java/lang/NoSuchMethodError'{0x00000000f3ebc758}: 'void java.lang.invoke.Invokers$Holder.invokeExact_MT(java.lang.Object, java.lang.Object, java.lang.Object, java.lang.Object)'> (0x00000000f3ebc758) 
thrown [s\open\src\hotspot\share\interpreter\linkResolver.cpp, line 804]
Event: 7.838 Thread 0x000001cd26d344a0 Exception <a 'java/lang/NoClassDefFoundError'{0x00000000f3d4d9e0}: com/google/inject/servlet/ServletModuleTargetVisitor> (0x00000000f3d4d9e0) 
thrown [s\open\src\hotspot\share\classfile\systemDictionary.cpp, line 316]
Event: 8.122 Thread 0x000001cd26d344a0 Exception <a 'java/lang/NoSuchMethodError'{0x00000000f3b0ef80}: 'void java.lang.invoke.DirectMethodHandle$Holder.invokeVirtual(java.lang.Object, java.lang.Object)'> (0x00000000f3b0ef80) 
thrown [s\open\src\hotspot\share\interpreter\linkResolver.cpp, line 804]
Event: 8.281 Thread 0x000001cd26d344a0 Exception <a 'java/lang/NoSuchMethodError'{0x00000000f3bb0660}: 'java.lang.Object java.lang.invoke.DirectMethodHandle$Holder.invokeStaticInit(java.lang.Object, int, int, int, int)'> (0x00000000f3bb0660) 
thrown [s\open\src\hotspot\share\interpreter\linkResolver.cpp, line 804]
Event: 8.779 Thread 0x000001cd26d344a0 Implicit null exception at 0x000001cd396cd2b6 to 0x000001cd396cdc94
Event: 8.779 Thread 0x000001cd26d344a0 Implicit null exception at 0x000001cd396ac8b6 to 0x000001cd396ad2a8
Event: 9.006 Thread 0x000001cd26d344a0 Exception <a 'java/lang/NoSuchMethodError'{0x00000000f36bd510}: 'void java.lang.invoke.DirectMethodHandle$Holder.invokeSpecial(java.lang.Object, java.lang.Object, java.lang.Object, java.lang.Object, java.lang.Object)'> (0x00000000f36bd510) 
thrown [s\open\src\hotspot\share\interpreter\linkResolver.cpp, line 804]
Event: 9.019 Thread 0x000001cd26d344a0 Exception <a 'java/lang/NoSuchMethodError'{0x00000000f36f55e8}: 'void java.lang.invoke.DirectMethodHandle$Holder.invokeSpecial(java.lang.Object, java.lang.Object, java.lang.Object, java.lang.Object, java.lang.Object, java.lang.Object)'> (0x00000000f36f55e8) 
thrown [s\open\src\hotspot\share\interpreter\linkResolver.cpp, line 804]
Event: 9.135 Thread 0x000001cd26d344a0 Exception <a 'java/lang/NoSuchMethodError'{0x00000000f35f58f8}: 'java.lang.Object java.lang.invoke.DirectMethodHandle$Holder.invokeVirtual(java.lang.Object, java.lang.Object, java.lang.Object)'> (0x00000000f35f58f8) 
thrown [s\open\src\hotspot\share\interpreter\linkResolver.cpp, line 804]
Event: 9.459 Thread 0x000001cd26d344a0 Exception <a 'java/lang/NoSuchMethodError'{0x00000000f3210d60}: 'void java.lang.invoke.DirectMethodHandle$Holder.invokeVirtual(java.lang.Object, java.lang.Object, int)'> (0x00000000f3210d60) 
thrown [s\open\src\hotspot\share\interpreter\linkResolver.cpp, line 804]
Event: 9.461 Thread 0x000001cd26d344a0 Exception <a 'java/lang/NoSuchMethodError'{0x00000000f3219550}: 'void java.lang.invoke.DirectMethodHandle$Holder.invokeSpecial(java.lang.Object, java.lang.Object, java.lang.Object, int)'> (0x00000000f3219550) 
thrown [s\open\src\hotspot\share\interpreter\linkResolver.cpp, line 804]
Event: 9.462 Thread 0x000001cd26d344a0 Exception <a 'java/lang/NoSuchMethodError'{0x00000000f32218e8}: 'void java.lang.invoke.DelegatingMethodHandle$Holder.reinvoke_L(java.lang.Object, java.lang.Object, int)'> (0x00000000f32218e8) 
thrown [s\open\src\hotspot\share\interpreter\linkResolver.cpp, line 804]

VM Operations (20 events):
Event: 6.704 Executing non-safepoint VM operation: HandshakeAllThreads (Deoptimize)
Event: 6.704 Executing non-safepoint VM operation: HandshakeAllThreads (Deoptimize) done
Event: 7.041 Executing non-safepoint VM operation: HandshakeAllThreads (Deoptimize)
Event: 7.041 Executing non-safepoint VM operation: HandshakeAllThreads (Deoptimize) done
Event: 7.492 Executing safepoint VM operation: G1CollectForAllocation (G1 Evacuation Pause)
Event: 7.520 Executing safepoint VM operation: G1CollectForAllocation (G1 Evacuation Pause) done
Event: 7.714 Executing non-safepoint VM operation: HandshakeAllThreads (Deoptimize)
Event: 7.714 Executing non-safepoint VM operation: HandshakeAllThreads (Deoptimize) done
Event: 8.176 Executing non-safepoint VM operation: HandshakeAllThreads (Deoptimize)
Event: 8.177 Executing non-safepoint VM operation: HandshakeAllThreads (Deoptimize) done
Event: 8.354 Executing non-safepoint VM operation: HandshakeAllThreads (Deoptimize)
Event: 8.354 Executing non-safepoint VM operation: HandshakeAllThreads (Deoptimize) done
Event: 8.504 Executing non-safepoint VM operation: HandshakeAllThreads (Deoptimize)
Event: 8.504 Executing non-safepoint VM operation: HandshakeAllThreads (Deoptimize) done
Event: 8.664 Executing non-safepoint VM operation: HandshakeAllThreads (Deoptimize)
Event: 8.664 Executing non-safepoint VM operation: HandshakeAllThreads (Deoptimize) done
Event: 8.671 Executing non-safepoint VM operation: HandshakeAllThreads (Deoptimize)
Event: 8.671 Executing non-safepoint VM operation: HandshakeAllThreads (Deoptimize) done
Event: 12.176 Executing safepoint VM operation: G1CollectForAllocation (G1 Evacuation Pause)
Event: 12.221 Executing safepoint VM operation: G1CollectForAllocation (G1 Evacuation Pause) done

Memory protections (0 events):
No events

Nmethod flushes (0 events):
No events

Events (20 events):
Event: 0.108 Thread 0x000001cd26d344a0 Thread added: 0x000001cd451ba3b0
Event: 0.108 Thread 0x000001cd26d344a0 Thread added: 0x000001cd451bbd40
Event: 0.109 Thread 0x000001cd26d344a0 Thread added: 0x000001cd451bdf70
Event: 0.109 Thread 0x000001cd26d344a0 Thread added: 0x000001cd451c5fe0
Event: 0.128 Thread 0x000001cd451c5fe0 Thread added: 0x000001cd45229800
Event: 0.130 Thread 0x000001cd451c5fe0 Thread added: 0x000001cd452287e0
Event: 0.130 Thread 0x000001cd451c5fe0 Thread added: 0x000001cd45228ff0
Event: 0.134 Thread 0x000001cd26d344a0 Thread added: 0x000001cd45365280
Event: 0.146 Thread 0x000001cd26d344a0 Thread added: 0x000001cd4536aec0
Event: 0.964 Thread 0x000001cd26d344a0 Thread added: 0x000001cd457ce330
Event: 2.506 Thread 0x000001cd451bdf70 Thread added: 0x000001cd4522c050
Event: 2.508 Thread 0x000001cd45229800 Thread added: 0x000001cd4522d070
Event: 2.548 Thread 0x000001cd45229800 Thread added: 0x000001cd4522c860
Event: 2.581 Thread 0x000001cd457ce330 Thread exited: 0x000001cd457ce330
Event: 2.918 Thread 0x000001cd4522c860 Thread exited: 0x000001cd4522c860
Event: 3.362 Thread 0x000001cd4522d070 Thread exited: 0x000001cd4522d070
Event: 3.435 Thread 0x000001cd4522c050 Thread exited: 0x000001cd4522c050
Event: 9.114 Thread 0x000001cd451bdf70 Thread added: 0x000001cd45d3b780
Event: 10.363 Thread 0x000001cd45d3b780 Thread exited: 0x000001cd45d3b780
Event: 12.528 Thread 0x000001cd451bdf70 Thread added: 0x000001cd45d39f50


Dynamic libraries:
0x00007ff792c30000 - 0x00007ff792c40000 	C:\Program Files\Java\jdk-25.0.2\bin\java.exe
0x00007ffc1ba00000 - 0x00007ffc1bc67000 	C:\WINDOWS\SYSTEM32\ntdll.dll
0x00007ffc1b020000 - 0x00007ffc1b0e9000 	C:\WINDOWS\System32\KERNEL32.DLL
0x00007ffc18430000 - 0x00007ffc18827000 	C:\WINDOWS\System32\KERNELBASE.dll
0x00007ffc19220000 - 0x00007ffc1936b000 	C:\WINDOWS\System32\ucrtbase.dll
0x00007ffbcdf00000 - 0x00007ffbcdf1e000 	C:\Program Files\Java\jdk-25.0.2\bin\VCRUNTIME140.dll
0x00007ffba4f30000 - 0x00007ffba4f47000 	C:\Program Files\Java\jdk-25.0.2\bin\jli.dll
0x00007ffc1ae50000 - 0x00007ffc1b016000 	C:\WINDOWS\System32\USER32.dll
0x00007ffbf3ce0000 - 0x00007ffbf3f72000 	C:\WINDOWS\WinSxS\amd64_microsoft.windows.common-controls_6595b64144ccf1df_6.0.26100.8328_none_3e08182ce334b678\COMCTL32.dll
0x00007ffc19880000 - 0x00007ffc19929000 	C:\WINDOWS\System32\msvcrt.dll
0x00007ffc19370000 - 0x00007ffc19397000 	C:\WINDOWS\System32\win32u.dll
0x00007ffc1b370000 - 0x00007ffc1b39b000 	C:\WINDOWS\System32\GDI32.dll
0x00007ffc19650000 - 0x00007ffc1977c000 	C:\WINDOWS\System32\gdi32full.dll
0x00007ffc19430000 - 0x00007ffc194d3000 	C:\WINDOWS\System32\msvcp_win.dll
0x00007ffc1a000000 - 0x00007ffc1a032000 	C:\WINDOWS\System32\IMM32.DLL
0x00007ffbd2e00000 - 0x00007ffbd2e0c000 	C:\Program Files\Java\jdk-25.0.2\bin\vcruntime140_1.dll
0x00007ffb7eeb0000 - 0x00007ffb7ef3d000 	C:\Program Files\Java\jdk-25.0.2\bin\msvcp140.dll
0x00007ffadfc90000 - 0x00007ffae0aef000 	C:\Program Files\Java\jdk-25.0.2\bin\server\jvm.dll
0x00007ffc1b610000 - 0x00007ffc1b6c6000 	C:\WINDOWS\System32\ADVAPI32.dll
0x00007ffc19ef0000 - 0x00007ffc19f97000 	C:\WINDOWS\System32\sechost.dll
0x00007ffc19dc0000 - 0x00007ffc19ed8000 	C:\WINDOWS\System32\RPCRT4.dll
0x00007ffc1a0d0000 - 0x00007ffc1a150000 	C:\WINDOWS\System32\WS2_32.dll
0x00007ffc16ff0000 - 0x00007ffc1704e000 	C:\WINDOWS\SYSTEM32\POWRPROF.dll
0x00007ffc01df0000 - 0x00007ffc01e26000 	C:\WINDOWS\SYSTEM32\WINMM.dll
0x00007ffc09960000 - 0x00007ffc0996b000 	C:\WINDOWS\SYSTEM32\VERSION.dll
0x00007ffc16fd0000 - 0x00007ffc16fe4000 	C:\WINDOWS\SYSTEM32\UMPDC.dll
0x00007ffc172a0000 - 0x00007ffc172bb000 	C:\WINDOWS\SYSTEM32\kernel.appcore.dll
0x00007ffbd1c70000 - 0x00007ffbd1c7a000 	C:\Program Files\Java\jdk-25.0.2\bin\jimage.dll
0x00007ffc16400000 - 0x00007ffc16642000 	C:\WINDOWS\SYSTEM32\DBGHELP.DLL
0x00007ffc19930000 - 0x00007ffc19cb3000 	C:\WINDOWS\System32\combase.dll
0x00007ffc1b0f0000 - 0x00007ffc1b1c9000 	C:\WINDOWS\System32\OLEAUT32.dll
0x00007ffbf1170000 - 0x00007ffbf11ab000 	C:\WINDOWS\SYSTEM32\dbgcore.DLL
0x00007ffc194e0000 - 0x00007ffc19588000 	C:\WINDOWS\System32\bcryptPrimitives.dll
0x00007ffba4f10000 - 0x00007ffba4f2f000 	C:\Program Files\Java\jdk-25.0.2\bin\java.dll
0x00007ffc1b1d0000 - 0x00007ffc1b367000 	C:\WINDOWS\System32\ole32.dll
0x00007ffc1a160000 - 0x00007ffc1a8ce000 	C:\WINDOWS\System32\SHELL32.dll
0x00007ffc18830000 - 0x00007ffc1909c000 	C:\WINDOWS\System32\windows.storage.dll
0x00007ffc19780000 - 0x00007ffc19876000 	C:\WINDOWS\System32\SHCORE.dll
0x00007ffc1b580000 - 0x00007ffc1b5e6000 	C:\WINDOWS\System32\shlwapi.dll
0x00007ffc18350000 - 0x00007ffc18379000 	C:\WINDOWS\SYSTEM32\profapi.dll
0x00007ffba4ef0000 - 0x00007ffba4f02000 	C:\Program Files\Java\jdk-25.0.2\bin\net.dll
0x00007ffc177f0000 - 0x00007ffc1785c000 	C:\WINDOWS\system32\mswsock.dll
0x00007ffba4ba0000 - 0x00007ffba4bb6000 	C:\Program Files\Java\jdk-25.0.2\bin\nio.dll
0x00007ffba4b80000 - 0x00007ffba4b97000 	C:\Program Files\Java\jdk-25.0.2\bin\zip.dll
0x00007ffba1790000 - 0x00007ffba17b4000 	C:\Users\Kaustav Ghosh\OneDrive\Desktop\apache-maven-3.9.11\lib\jansi-native\Windows\x86_64\jansi.dll
0x00007ffbd1c30000 - 0x00007ffbd1c40000 	C:\Program Files\Java\jdk-25.0.2\bin\verify.dll

JVMTI agents: none

dbghelp: loaded successfully - version: 4.0.5 - missing functions: none
symbol engine: initialized successfully - sym options: 0x614 - pdb path: .;C:\Program Files\Java\jdk-25.0.2\bin;C:\WINDOWS\SYSTEM32;C:\WINDOWS\WinSxS\amd64_microsoft.windows.common-controls_6595b64144ccf1df_6.0.26100.8328_none_3e08182ce334b678;C:\Program Files\Java\jdk-25.0.2\bin\server;C:\Users\Kaustav Ghosh\OneDrive\Desktop\apache-maven-3.9.11\lib\jansi-native\Windows\x86_64

VM Arguments:
jvm_args: --enable-native-access=ALL-UNNAMED -Xms64m -Xmx256m -Dclassworlds.conf=C:\Users\Kaustav Ghosh\OneDrive\Desktop\apache-maven-3.9.11\bin\m2.conf -Dmaven.home=C:\Users\Kaustav Ghosh\OneDrive\Desktop\apache-maven-3.9.11 -Dlibrary.jansi.path=C:\Users\Kaustav Ghosh\OneDrive\Desktop\apache-maven-3.9.11\lib\jansi-native -Dmaven.multiModuleProjectDirectory=D:\2nd Year 2025-26\4th Semester\21DCS201P - Design Thinking and Methodology\Group Activity\Project\HireNest 
java_command: org.codehaus.plexus.classworlds.launcher.Launcher -q spring-boot:run -Dspring-boot.run.jvmArguments=-Xms64m -Xmx384m -XX:MaxMetaspaceSize=128m
java_class_path (initial): C:\Users\Kaustav Ghosh\OneDrive\Desktop\apache-maven-3.9.11\boot\plexus-classworlds-2.9.0.jar
Launcher Type: SUN_STANDARD

[Global flags]
     intx CICompilerCount                          = 12                                        {product} {ergonomic}
     uint ConcGCThreads                            = 5                                         {product} {ergonomic}
     uint G1ConcRefinementThreads                  = 18                                        {product} {ergonomic}
   size_t G1HeapRegionSize                         = 1048576                                   {product} {ergonomic}
   size_t InitialHeapSize                          = 67108864                                  {product} {command line}
   size_t MarkStackSize                            = 4194304                                   {product} {ergonomic}
   size_t MarkStackSizeMax                         = 536870912                                 {product} {ergonomic}
   size_t MaxHeapSize                              = 268435456                                 {product} {command line}
   size_t MaxNewSize                               = 160432128                                 {product} {ergonomic}
   size_t MinHeapDeltaBytes                        = 1048576                                   {product} {ergonomic}
   size_t MinHeapSize                              = 67108864                                  {product} {command line}
    uintx NonNMethodCodeHeapSize                   = 7602176                                {pd product} {ergonomic}
    uintx NonProfiledCodeHeapSize                  = 122093568                              {pd product} {ergonomic}
    uintx ProfiledCodeHeapSize                     = 121962496                              {pd product} {ergonomic}
    uintx ReservedCodeCacheSize                    = 251658240                              {pd product} {ergonomic}
     bool SegmentedCodeCache                       = true                                      {product} {ergonomic}
   size_t SoftMaxHeapSize                          = 268435456                              {manageable} {ergonomic}
     bool UseCompressedOops                        = true                           {product lp64_product} {ergonomic}
     bool UseG1GC                                  = true                                      {product} {ergonomic}
     bool UseLargePagesIndividualAllocation        = false                                  {pd product} {ergonomic}

Logging:
Log output configuration:
 #0: stdout all=warning uptime,level,tags foldmultilines=false
 #1: stderr all=off uptime,level,tags foldmultilines=false

Release file:
IMPLEMENTOR="Oracle Corporation" 
JAVA_RUNTIME_VERSION="25.0.2+10-LTS-69" 
JAVA_VERSION="25.0.2" 
JAVA_VERSION_DATE="2026-01-20" 
LIBC="default" 
MODULES="java.base java.compiler java.datatransfer java.xml java.prefs java.desktop java.instrument java.logging java.management java.security.sasl java.naming java.rmi java.management.rmi java.net.http java.scripting java.security.jgss java.transaction.xa java.sql java.sql.rowset java.xml.crypto java.se java.smartcardio jdk.accessibility jdk.internal.jvmstat jdk.attach jdk.charsets jdk.internal.opt jdk.zipfs jdk.compiler jdk.crypto.cryptoki jdk.crypto.ec jdk.crypto.mscapi jdk.dynalink jdk.internal.ed jdk.editpad jdk.internal.vm.ci jdk.graal.compiler jdk.graal.compiler.management jdk.hotspot.agent jdk.httpserver jdk.incubator.vector jdk.internal.le jdk.internal.md jdk.jartool jdk.javadoc jdk.jcmd jdk.management jdk.management.agent jdk.jconsole jdk.jdeps jdk.jdwp.agent jdk.jdi jdk.jfr jdk.jlink jdk.jpackage jdk.jshell jdk.jsobject jdk.jstatd jdk.localedata jdk.management.jfr jdk.naming.dns jdk.naming.rmi jdk.net jdk.nio.mapmode jdk.sctp jdk.security.auth jdk.security.jgss jdk.unsupported jdk.unsupported.desktop jdk.xml.dom" 
OS_ARCH="x86_64" 
OS_NAME="Windows" 
SOURCE=".:git:b75efb40c93a open:git:405a5699ebd0" 

Environment Variables:
JAVA_HOME=C:\Program Files\Java\jdk-25.0.2\
PATH=d:\APP\CURSORNEW\cursor\resources\app\resources\helpers;D:\APP\Python\Scripts\;D:\APP\Python\;C:\Program Files\Eclipse Adoptium\jdk-17.0.16.8-hotspot\bin;c:\Users\Kaustav Ghosh\AppData\Local\Programs\cursor\resources\app\bin;C:\Program Files\Google\Chrome\Application;C:\Program Files\Common Files\Oracle\Java\javapath;C:\Program Files (x86)\Common Files\Oracle\Java\java8path;C:\Program Files (x86)\Common Files\Oracle\Java\javapath;C:\WINDOWS\system32;C:\WINDOWS;C:\WINDOWS\System32\Wbem;C:\WINDOWS\System32\WindowsPowerShell\v1.0\;C:\WINDOWS\System32\OpenSSH\;D:\mingw32\bin;C:\Program Files\dotnet\;C:\Program Files (x86)\Windows Kits\10\Windows Performance Toolkit\;D:\java;C:\Users\Kaustav Ghosh\AppData\Local\Microsoft\WindowsApps;C:\MinGW\bin;C:\Program Files\JetBrains\PyCharm 2024.3\bin;C:\Users\Kaustav Ghosh\AppData\Local\GitHubDesktop\bin;C:\WINDOWS\system32;C:\WINDOWS;C:\WINDOWS\System32\Wbem;C:\WINDOWS\System32\WindowsPowerShell\v1.0\;C:\WINDOWS\System32\OpenSSH\;C:\Program Files\Git\cmd;C:\Pro;%MAVEN_HOME%\bin;C:\Users\Kaustav Ghosh\OneDrive\Desktop\apache-maven-3.9.11\bin;C:\Program Files\MySQL\MySQL Server 8.0\bin;C:\Program Files\NVIDIA Corporation\NVIDIA App\NvDLISR;C:\Program Files (x86)\NVIDIA Corporation\PhysX\Common;C:\Program Files\Java\jdk-25.0.2\bin;D:\nodejs\;C:\Program Files\WireGuard\;D:\PC CUSTOM\Sunshine;D:\PC CUSTOM\Sunshine\tools;C:\Program Files\Cloudflare\Cloudflare WARP\;C:\Program Files\MySQL\MySQL Shell 8.0\bin\;C:\Users\Kaustav Ghosh\AppData\Local\Microsoft\WindowsApps;C:\MinGW\bin;C:\Program Files\JetBrains\PyCharm 2024.3\bin;;C:\Users\Kaustav Ghosh\AppData\Local\GitHubDesktop\bin;;C:\Program Files\JetBrains\IntelliJ IDEA 2025.1.3\bin;;D:\Pros\Vs Code\Microsoft VS Code\bin;C:\Users\Kaustav Ghosh\AppData\Roaming\npm;D:\APP\CURSORNEW\cursor\resources\app\bin;D:\2nd Year 2025-26\4th Semester\ANTIGRAVITY\Antigravity\bin
USERNAME=Kaustav Ghosh
TERM=dumb
OS=Windows_NT
PROCESSOR_IDENTIFIER=Intel64 Family 6 Model 191 Stepping 2, GenuineIntel
TMP=C:\Users\KAUSTA~1\AppData\Local\Temp
TEMP=C:\Users\KAUSTA~1\AppData\Local\Temp




Compilation memory statistics disabled.

Periodic native trim disabled

---------------  S Y S T E M  ---------------

OS:
 Windows 11 , 64 bit Build 26100 (10.0.26100.8328)
OS uptime: 0 days 3:35 hours
Hyper-V role detected

CPU: total 24 (initial active 24) (12 cores per cpu, 2 threads per core) family 6 model 191 stepping 2 microcode 0x35, cx8, cmov, fxsr, ht, mmx, 3dnowpref, sse, sse2, sse3, ssse3, sse4.1, sse4.2, popcnt, lzcnt, tsc, tscinvbit, avx, avx2, aes, erms, clmul, bmi1, bmi2, adx, sha, fma, vzeroupper, clflush, clflushopt, clwb, hv, serialize, rdtscp, rdpid, fsrm, gfni, f16c, cet_ibt, cet_ss
Processor Information for processor 0
  Max Mhz: 2100, Current Mhz: 2100, Mhz Limit: 2100
Processor Information for processor 1
  Max Mhz: 2100, Current Mhz: 2100, Mhz Limit: 2100
Processor Information for processor 2
  Max Mhz: 2100, Current Mhz: 2100, Mhz Limit: 2100
Processor Information for processor 3
  Max Mhz: 2100, Current Mhz: 2100, Mhz Limit: 2100
Processor Information for processor 4
  Max Mhz: 2100, Current Mhz: 2100, Mhz Limit: 2100
Processor Information for processor 5
  Max Mhz: 2100, Current Mhz: 2100, Mhz Limit: 2100
Processor Information for processor 6
  Max Mhz: 2100, Current Mhz: 2100, Mhz Limit: 2100
Processor Information for processor 7
  Max Mhz: 2100, Current Mhz: 2100, Mhz Limit: 2100
Processor Information for processor 8
  Max Mhz: 2100, Current Mhz: 2100, Mhz Limit: 2100
Processor Information for processor 9
  Max Mhz: 2100, Current Mhz: 2100, Mhz Limit: 2100
Processor Information for processor 10
  Max Mhz: 2100, Current Mhz: 2100, Mhz Limit: 2100
Processor Information for processor 11
  Max Mhz: 2100, Current Mhz: 2100, Mhz Limit: 2100
Processor Information for processor 12
  Max Mhz: 2100, Current Mhz: 2100, Mhz Limit: 2100
Processor Information for processor 13
  Max Mhz: 2100, Current Mhz: 2100, Mhz Limit: 2100
Processor Information for processor 14
  Max Mhz: 2100, Current Mhz: 2100, Mhz Limit: 2100
Processor Information for processor 15
  Max Mhz: 2100, Current Mhz: 2100, Mhz Limit: 2100
Processor Information for processor 16
  Max Mhz: 2100, Current Mhz: 1500, Mhz Limit: 1491
Processor Information for processor 17
  Max Mhz: 2100, Current Mhz: 1500, Mhz Limit: 1491
Processor Information for processor 18
  Max Mhz: 2100, Current Mhz: 1500, Mhz Limit: 1491
Processor Information for processor 19
  Max Mhz: 2100, Current Mhz: 1500, Mhz Limit: 1491
Processor Information for processor 20
  Max Mhz: 2100, Current Mhz: 1500, Mhz Limit: 1491
Processor Information for processor 21
  Max Mhz: 2100, Current Mhz: 1500, Mhz Limit: 1491
Processor Information for processor 22
  Max Mhz: 2100, Current Mhz: 1500, Mhz Limit: 1491
Processor Information for processor 23
  Max Mhz: 2100, Current Mhz: 1500, Mhz Limit: 1491

Memory: 4k page, system-wide physical 16103M (614M free)
TotalPageFile size 28374M (AvailPageFile size 1M)
current process WorkingSet (physical memory assigned to process): 125M, peak: 125M
current process commit charge ("private bytes"): 209M, peak: 213M

vm_info: Java HotSpot(TM) 64-Bit Server VM (25.0.2+10-LTS-69) for windows-amd64 JRE (25.0.2+10-LTS-69), built on 2025-12-18T11:36:35Z with MS VC++ 17.13 (VS2022)

END.
